Component: ARM Compiler 5.06 (build 20) Tool: armlink [4d35a3]

==============================================================================

Section Cross References

    c12832.o(i._ZN6C1283210fillcircleEiiii) refers to c12832.o(i._ZN6C128326circleEiiii) for C12832::circle(int, int, int, int)
    c12832.o(i._ZN6C1283210fillcircleEiiii) refers to c12832.o(i._ZN6C1283211copy_to_lcdEv) for C12832::copy_to_lcd()
    c12832.o(i._ZN6C1283211copy_to_lcdEv) refers to gpio_api.o(i.gpio_write) for gpio_write
    c12832.o(i._ZN6C1283211copy_to_lcdEv) refers to SPI.o(i._ZN4mbed3SPI5writeEi) for mbed::SPI::write(int)
    c12832.o(i._ZN6C1283212set_contrastEj) refers to gpio_api.o(i.gpio_write) for gpio_write
    c12832.o(i._ZN6C1283212set_contrastEj) refers to SPI.o(i._ZN4mbed3SPI5writeEi) for mbed::SPI::write(int)
    c12832.o(i._ZN6C128323clsEv) refers to rt_memclr_w.o(.text) for __aeabi_memclr4
    c12832.o(i._ZN6C128323clsEv) refers to c12832.o(i._ZN6C1283211copy_to_lcdEv) for C12832::copy_to_lcd()
    c12832.o(i._ZN6C128324lineEiiiii) refers to c12832.o(i._ZN6C1283211copy_to_lcdEv) for C12832::copy_to_lcd()
    c12832.o(i._ZN6C128324rectEiiiii) refers to c12832.o(i._ZN6C128324lineEiiiii) for C12832::line(int, int, int, int, int)
    c12832.o(i._ZN6C128324rectEiiiii) refers to c12832.o(i._ZN6C1283211copy_to_lcdEv) for C12832::copy_to_lcd()
    c12832.o(i._ZN6C128325_putcEi) refers to c12832.o(i._ZN6C1283211copy_to_lcdEv) for C12832::copy_to_lcd()
    c12832.o(i._ZN6C128326circleEiiii) refers to c12832.o(i._ZN6C1283211copy_to_lcdEv) for C12832::copy_to_lcd()
    c12832.o(i._ZN6C128326invertEj) refers to gpio_api.o(i.gpio_write) for gpio_write
    c12832.o(i._ZN6C128326invertEj) refers to SPI.o(i._ZN4mbed3SPI5writeEi) for mbed::SPI::write(int)
    c12832.o(i._ZN6C128326wr_cmdEh) refers to gpio_api.o(i.gpio_write) for gpio_write
    c12832.o(i._ZN6C128326wr_cmdEh) refers to SPI.o(i._ZN4mbed3SPI5writeEi) for mbed::SPI::write(int)
    c12832.o(i._ZN6C128326wr_datEh) refers to gpio_api.o(i.gpio_write) for gpio_write
    c12832.o(i._ZN6C128326wr_datEh) refers to SPI.o(i._ZN4mbed3SPI5writeEi) for mbed::SPI::write(int)
    c12832.o(i._ZN6C128328fillrectEiiiii) refers to c12832.o(i._ZN6C1283211copy_to_lcdEv) for C12832::copy_to_lcd()
    c12832.o(i._ZN6C128329lcd_resetEv) refers to SPI.o(i._ZN4mbed3SPI6formatEii) for mbed::SPI::format(int, int)
    c12832.o(i._ZN6C128329lcd_resetEv) refers to SPI.o(i._ZN4mbed3SPI9frequencyEi) for mbed::SPI::frequency(int)
    c12832.o(i._ZN6C128329lcd_resetEv) refers to gpio_api.o(i.gpio_write) for gpio_write
    c12832.o(i._ZN6C128329lcd_resetEv) refers to wait_api.o(i.wait_us) for wait_us
    c12832.o(i._ZN6C128329lcd_resetEv) refers to wait_api.o(i.wait_ms) for wait_ms
    c12832.o(i._ZN6C128329lcd_resetEv) refers to SPI.o(i._ZN4mbed3SPI5writeEi) for mbed::SPI::write(int)
    c12832.o(i._ZN6C128329lcd_resetEv) refers to rt_memclr_w.o(.text) for __aeabi_memclr4
    c12832.o(i._ZN6C128329lcd_resetEv) refers to c12832.o(i._ZN6C1283211copy_to_lcdEv) for C12832::copy_to_lcd()
    c12832.o(i._ZN6C128329lcd_resetEv) refers to c12832.o(.constdata) for .constdata
    c12832.o(i._ZN6C12832C1E7PinNameS0_S0_S0_S0_PKc) refers to graphicsdisplay.o(i._ZN15GraphicsDisplayC2EPKc) for GraphicsDisplay::GraphicsDisplay__sub_object(const char*)
    c12832.o(i._ZN6C12832C1E7PinNameS0_S0_S0_S0_PKc) refers to SPI.o(i._ZN4mbed3SPIC1E7PinNameS1_S1_S1_) for mbed::SPI::SPI(PinName, PinName, PinName, PinName)
    c12832.o(i._ZN6C12832C1E7PinNameS0_S0_S0_S0_PKc) refers to gpio.o(i.gpio_init_out) for gpio_init_out
    c12832.o(i._ZN6C12832C1E7PinNameS0_S0_S0_S0_PKc) refers to c12832.o(i._ZN6C128329lcd_resetEv) for C12832::lcd_reset()
    c12832.o(i._ZN6C12832C1E7PinNameS0_S0_S0_S0_PKc) refers to c12832.o(.constdata__ZTV6C12832) for vtable for C12832
    c12832.o(.ARM.exidx) refers to c12832.o(i._ZN6C128328set_fontEPh) for i._ZN6C128328set_fontEPh
    c12832.o(.ARM.exidx) refers to c12832.o(i._ZN6C128326wr_datEh) for i._ZN6C128326wr_datEh
    c12832.o(.ARM.exidx) refers to c12832.o(i._ZN6C128326wr_cmdEh) for i._ZN6C128326wr_cmdEh
    c12832.o(.ARM.exidx) refers to c12832.o(i._ZN6C1283211copy_to_lcdEv) for i._ZN6C1283211copy_to_lcdEv
    c12832.o(.ARM.exidx) refers to c12832.o(i._ZN6C128329lcd_resetEv) for i._ZN6C128329lcd_resetEv
    c12832.o(.ARM.exidx) refers to c12832.o(i._ZN6C12832C1E7PinNameS0_S0_S0_S0_PKc) for i._ZN6C12832C1E7PinNameS0_S0_S0_S0_PKc
    c12832.o(.ARM.exidx) refers to c12832.o(i._ZN6C128325widthEv) for i._ZN6C128325widthEv
    c12832.o(.ARM.exidx) refers to c12832.o(i._ZN6C128326heightEv) for i._ZN6C128326heightEv
    c12832.o(.ARM.exidx) refers to c12832.o(i._ZN6C128325pixelEiii) for i._ZN6C128325pixelEiii
    c12832.o(.ARM.exidx) refers to c12832.o(i._ZN6C128326circleEiiii) for i._ZN6C128326circleEiiii
    c12832.o(.ARM.exidx) refers to c12832.o(i._ZN6C1283210fillcircleEiiii) for i._ZN6C1283210fillcircleEiiii
[...]
    0x00006298   0x000002c4   Code   RO         3651    i._Z12getMeterInfov  main.o
    0x0000655c   0x000003d4   Code   RO         4914    i._Z12parse_stringP5cJSONPKcPS2_  cjson.o
    0x00006930   0x00000050   Code   RO          738    i._Z12stopChargingv  evcharger.o
    0x00006980   0x00000120   Code   RO         3652    i._Z13checkCPSignalv  main.o
    0x00006aa0   0x0000018c   Code   RO         1393    i._Z13program_flashiPcj  freescaleiap.o
    0x00006c2c   0x00000084   Code   RO         3653    i._Z13recvMsgHandlev  main.o
    0x00006cb0   0x00000084   Code   RO          739    i._Z13startChargingv  evcharger.o
    0x00006d34   0x00000030   Code   RO         6460    i._Z15calculate_crc16Pcj  lib_crc16.o
    0x00006d64   0x00000060   Code   RO         3654    i._Z15heartbeatThreadPKv  main.o
    0x00006dc4   0x0000000c   Code   RO         1022    i._Z15tcpip_init_donePv  ethernetinterface.o
    0x00006dd0   0x000000f8   Code   RO          740    i._Z16cmdMsgRespHandle5MSGID  evcharger.o
    0x00006ec8   0x00000240   Code   RO         3656    i._Z16enterFactoryModev  main.o
    0x00007108   0x00000770   Code   RO          741    i._Z16parseRecvMsgInfoPc  evcharger.o
    0x00007878   0x00000160   Code   RO          742    i._Z18parseBincodeBufferPc  evcharger.o
    0x000079d8   0x00000018   Code   RO         1023    i._Z19netif_link_callbackP5netif  ethernetinterface.o
    0x000079f0   0x00000400   Code   RO          744    i._Z19notifyMsgSendHandle5MSGID  evcharger.o
    0x00007df0   0x0000008c   Code   RO         3658    i._Z20timerOneSecondThreadPKv  main.o
    0x00007e7c   0x00000058   Code   RO         1024    i._Z21netif_status_callbackP5netif  ethernetinterface.o
    0x00007ed4   0x00000034   Code   RO         6462    i._Z22calculate_crc16_ModbusPcj  lib_crc16.o
    0x00007f08   0x0000003c   Code   RO          745    i._Z22saveChargerInfoToFlashv  evcharger.o
    0x00007f44   0x00000194   Code   RO          746    i._Z23chargingExceptionHandlev  evcharger.o
    0x000080d8   0x00000144   Code   RO          747    i._Z24loadChargerInfoFromFlashv  evcharger.o
    0x0000821c   0x00000194   Code   RO         3660    i._Z25checkChargerConnectStatusv  main.o
    0x000083b0   0x0000023c   Code   RO         1469    i._Z7OTAInitv       otacharger.o
    0x000085ec   0x0000001e   Code   RO         1606    i._ZN12TimeIntervalC1Ej  socket.o
    0x0000860a   0x00000002   PAD
    0x0000860c   0x00000008   Code   RO         1027    i._ZN17EthernetInterface12getIPAddressEv  ethernetinterface.o
    0x00008614   0x00000008   Code   RO         1028    i._ZN17EthernetInterface13getMACAddressEv  ethernetinterface.o
    0x0000861c   0x000000ec   Code   RO         1030    i._ZN17EthernetInterface4initEPKcS1_S1_  ethernetinterface.o
    0x00008708   0x000000e4   Code   RO         1031    i._ZN17EthernetInterface4initEv  ethernetinterface.o
    0x000087ec   0x00000044   Code   RO         1032    i._ZN17EthernetInterface7connectEj  ethernetinterface.o
    0x00008830   0x00000064   Code   RO         1690    i._ZN19TCPSocketConnection11receive_allEPci  tcpsocketconnection.o
    0x00008894   0x00000050   Code   RO         1692    i._ZN19TCPSocketConnection4sendEPci  tcpsocketconnection.o
    0x000088e4   0x00000016   Code   RO         1696    i._ZN19TCPSocketConnectionC1Ev  tcpsocketconnection.o
    0x000088fa   0x00000012   Code   RO         3788    i._ZN19TCPSocketConnectionD1Ev  main.o
    0x0000890c   0x00000052   Code   RO         3620    i._ZN4mbed10FileHandle4flenEv  retarget.o
    0x0000895e   0x00000002   Code   RO          205    i._ZN4mbed10FileHandle4lockEv  c12832.o
    0x00008960   0x00000002   Code   RO          211    i._ZN4mbed10FileHandle6unlockEv  c12832.o
    0x00008962   0x00000002   PAD
    0x00008964   0x00000030   Code   RO         3511    i._ZN4mbed10FileHandleD2Ev  retarget.o
    0x00008994   0x00000006   Code   RO         8252    i._ZN4mbed10SerialBase10_base_getcEv  mbed.ar(SerialBase.o)
    0x0000899a   0x0000000e   Code   RO         8253    i._ZN4mbed10SerialBase10_base_putcEi  mbed.ar(SerialBase.o)
    0x000089a8   0x00000014   Code   RO         8255    i._ZN4mbed10SerialBase12_irq_handlerEj9SerialIrq  mbed.ar(SerialBase.o)
    0x000089bc   0x00000024   Code   RO         8256    i._ZN4mbed10SerialBase4baudEi  mbed.ar(SerialBase.o)
    0x000089e0   0x00000002   Code   RO         8257    i._ZN4mbed10SerialBase4lockEv  mbed.ar(SerialBase.o)
    0x000089e2   0x00000002   Code   RO         8260    i._ZN4mbed10SerialBase6unlockEv  mbed.ar(SerialBase.o)
    0x000089e4   0x00000020   Code   RO         8261    i._ZN4mbed10SerialBase8readableEv  mbed.ar(SerialBase.o)
    0x00008a04   0x0000004c   Code   RO         8263    i._ZN4mbed10SerialBaseC1E7PinNameS1_  mbed.ar(SerialBase.o)
    0x00008a50   0x0000002c   Code   RO         8111    i._ZN4mbed11InterruptIn12_irq_handlerEj14gpio_irq_event  mbed.ar(InterruptIn.o)
    0x00008a7c   0x0000004a   Code   RO         8115    i._ZN4mbed11InterruptIn4riseENS_8CallbackIFvvEEE  mbed.ar(InterruptIn.o)
    0x00008ac6   0x00000002   PAD
    0x00008ac8   0x0000003c   Code   RO         8116    i._ZN4mbed11InterruptInC1E7PinName  mbed.ar(InterruptIn.o)
    0x00008b04   0x00000018   Code   RO         8118    i._ZN4mbed11InterruptInD1Ev  mbed.ar(InterruptIn.o)
    0x00008b1c   0x00000006   Code   RO         3512    i._ZN4mbed26mbed_set_unbuffered_streamEPSt6__FILE  retarget.o
    0x00008b22   0x00000002   Code   RO         8195    i._ZN4mbed6Serial4lockEv  mbed.ar(Serial.o)
    0x00008b24   0x00000002   Code   RO         8198    i._ZN4mbed6Serial6unlockEv  mbed.ar(Serial.o)
    0x00008b26   0x00000002   PAD
    0x00008b28   0x00000024   Code   RO         8199    i._ZN4mbed6SerialC1E7PinNameS1_PKc  mbed.ar(Serial.o)
    0x00008b4c   0x00000020   Code   RO         8228    i._ZN4mbed6SerialD1Ev  mbed.ar(Serial.o)
    0x00008b6c   0x00000004   Code   RO         8312    i._ZN4mbed6Stream4flenEv  mbed.ar(Stream.o)
    0x00008b70   0x00000026   Code   RO         8313    i._ZN4mbed6Stream4getcEv  mbed.ar(Stream.o)
    0x00008b96   0x0000002a   Code   RO         8315    i._ZN4mbed6Stream4putcEi  mbed.ar(Stream.o)
    0x00008bc0   0x0000003c   Code   RO         8317    i._ZN4mbed6Stream4readEPvj  mbed.ar(Stream.o)
    0x00008bfc   0x00000004   Code   RO         8318    i._ZN4mbed6Stream5closeEv  mbed.ar(Stream.o)
    0x00008c00   0x00000004   Code   RO         8320    i._ZN4mbed6Stream5lseekEli  mbed.ar(Stream.o)
    0x00008c04   0x0000003c   Code   RO         8322    i._ZN4mbed6Stream5writeEPKvj  mbed.ar(Stream.o)
    0x00008c40   0x00000004   Code   RO         8323    i._ZN4mbed6Stream6isattyEv  mbed.ar(Stream.o)
    0x00008c44   0x00000032   Code   RO         8324    i._ZN4mbed6Stream6printfEPKcz  mbed.ar(Stream.o)
    0x00008c76   0x00000002   PAD
    0x00008c78   0x00000040   Code   RO         8327    i._ZN4mbed6StreamC2EPKc  mbed.ar(Stream.o)
    0x00008cb8   0x00000020   Code   RO         8329    i._ZN4mbed6StreamD2Ev  mbed.ar(Stream.o)
    0x00008cd8   0x00000010   Code   RO         3810    i._ZN4mbed8AnalogIn4lockEv  main.o
    0x00008ce8   0x0000000c   Code   RO         3804    i._ZN4mbed8AnalogIn6unlockEv  main.o
    0x00008cf4   0x00000002   Code   RO         3791    i._ZN4mbed8AnalogInD1Ev  main.o
    0x00008cf6   0x00000004   Code   RO         8728    i._ZN4mbed8FileBase11getPathTypeEv  mbed.ar(FileBase.o)
    0x00008cfa   0x00000002   PAD
    0x00008cfc   0x00000038   Code   RO         8730    i._ZN4mbed8FileBase6lookupEPKcj  mbed.ar(FileBase.o)
    0x00008d34   0x00000024   Code   RO         8732    i._ZN4mbed8FileBaseC1EPKcNS_8PathTypeE  mbed.ar(FileBase.o)
    0x00008d58   0x00000038   Code   RO         8734    i._ZN4mbed8FileBaseD1Ev  mbed.ar(FileBase.o)
    0x00008d90   0x00000024   Code   RO         8761    i._ZN4mbed8FileLikeC2EPKc  mbed.ar(FileLike.o)
    0x00008db4   0x00000012   Code   RO         8763    i._ZN4mbed8FileLikeD2Ev  mbed.ar(FileLike.o)
    0x00008dc6   0x00000018   Code   RO         8010    i._ZN4mbed8FilePath10fileSystemEv  mbed.ar(FilePath.o)
    0x00008dde   0x0000001c   Code   RO         8012    i._ZN4mbed8FilePath4fileEv  mbed.ar(FilePath.o)
    0x00008dfa   0x0000000a   Code   RO         8013    i._ZN4mbed8FilePath6existsEv  mbed.ar(FilePath.o)
    0x00008e04   0x00000018   Code   RO         8014    i._ZN4mbed8FilePath6isFileEv  mbed.ar(FilePath.o)
    0x00008e1c   0x00000004   Code   RO         8015    i._ZN4mbed8FilePath8fileNameEv  mbed.ar(FilePath.o)
    0x00008e20   0x00000040   Code   RO         8016    i._ZN4mbed8FilePathC1EPKc  mbed.ar(FilePath.o)
    0x00008e60   0x00000004   Code   RO         3513    i._ZN4mbed9mbed_getcEPSt6__FILE  retarget.o
    0x00008e64   0x00000006   Code   RO         7225    i._ZN4rtos5Mutex4lockEj  mutex.o
    0x00008e6a   0x00000006   Code   RO         7226    i._ZN4rtos5Mutex6unlockEv  mutex.o
    0x00008e70   0x00000054   Code   RO         7228    i._ZN4rtos5MutexC1Ev  mutex.o
    0x00008ec4   0x0000000e   Code   RO         7229    i._ZN4rtos5MutexD1Ev  mutex.o
    0x00008ed2   0x00000002   PAD
    0x00008ed4   0x00000124   Code   RO         7381    i._ZN4rtos6Thread11constructorEN4mbed8CallbackIFvvEEE10osPriorityjPh  thread.o
    0x00008ff8   0x00000004   Code   RO         7387    i._ZN4rtos6Thread4waitEj  thread.o
    0x00008ffc   0x00000006   Code   RO         7339    i._ZN4rtos9Semaphore4waitEj  semaphore.o
    0x00009002   0x00000006   Code   RO         7340    i._ZN4rtos9Semaphore7releaseEv  semaphore.o
    0x00009008   0x0000001c   Code   RO         7341    i._ZN4rtos9SemaphoreC1Ei  semaphore.o
    0x00009024   0x0000000e   Code   RO         7342    i._ZN4rtos9SemaphoreD1Ev  semaphore.o
    0x00009032   0x00000024   Code   RO         1609    i._ZN6Socket11init_socketEi  socket.o
    0x00009056   0x00000006   Code   RO         1610    i._ZN6Socket12set_blockingEbj  socket.o
    0x0000905c   0x00000066   Code   RO         1611    i._ZN6Socket13wait_readableER12TimeInterval  socket.o
    0x000090c2   0x00000066   Code   RO         1612    i._ZN6Socket13wait_writableER12TimeInterval  socket.o
    0x00009128   0x0000002a   Code   RO         1613    i._ZN6Socket5closeEb  socket.o
    0x00009152   0x00000012   Code   RO         1615    i._ZN6SocketC1Ev    socket.o
    0x00009164   0x00000020   Code   RO         1616    i._ZN6SocketD1Ev    socket.o
    0x00009184   0x0000001c   Code   RO         1511    i._ZN8Endpoint11get_addressEv  endpoint.o
    0x000091a0   0x0000000e   Code   RO         1513    i._ZN8Endpoint13reset_addressEv  endpoint.o
    0x000091ae   0x00000006   Code   RO         1514    i._ZN8Endpoint8get_portEv  endpoint.o
    0x000091b4   0x0000000e   Code   RO         1515    i._ZN8EndpointC1Ev  endpoint.o
    0x000091c2   0x00000002   Code   RO         1516    i._ZN8EndpointD1Ev  endpoint.o
    0x000091c4   0x0000005c   Code   RO         1801    i._ZN9UDPSocket11receiveFromER8EndpointPci  udpsocket.o
    0x00009220   0x0000005a   Code   RO         1804    i._ZN9UDPSocket4bindEi  udpsocket.o
    0x0000927a   0x00000052   Code   RO         1806    i._ZN9UDPSocket6sendToER8EndpointPci  udpsocket.o
    0x000092cc   0x00000004   Code   RO         1807    i._ZN9UDPSocketC1Ev  udpsocket.o
    0x000092d0   0x00000002   Code   RO         8200    i._ZThn44_N4mbed6Serial4lockEv  mbed.ar(Serial.o)
    0x000092d2   0x00000006   Code   RO         8201    i._ZThn44_N4mbed6Serial5_getcEv  mbed.ar(Serial.o)
    0x000092d8   0x00000006   Code   RO         8202    i._ZThn44_N4mbed6Serial5_putcEi  mbed.ar(Serial.o)
    0x000092de   0x00000002   Code   RO         8203    i._ZThn44_N4mbed6Serial6unlockEv  mbed.ar(Serial.o)
    0x000092e0   0x00000008   Code   RO         9147    i._ZdaPv            cpprt_w.l(array_del.o)
    0x000092e8   0x00000008   Code   RO         9154    i._ZdlPv            cpprt_w.l(delete.o)
    0x000092f0   0x00000008   Code   RO         9150    i._Znaj             cpprt_w.l(array_new.o)
    0x000092f8   0x00000028   Code   RO         9157    i._Znwj             cpprt_w.l(new.o)
    0x00009320   0x0000000a   Code   RO         5386    i.__ARM_common_memclr4_10  dhcp.o
    0x0000932a   0x00000030   Code   RO         9605    i.__ARM_fpclassify  m_wm.l(fpclassify.o)
    0x0000935a   0x00000004   Code   RO         3486    i.__NVIC_SetVector  cmsis_nvic.o
    0x0000935e   0x00000024   Code   RO         9270    i.__aeabi_vec_ctor_nocookie_nodtor  cpprt_w.l(aeabi_vec_ctor_nocookie_nodtor.o)
    0x00009382   0x00000006   Code   RO         9161    i.__cxa_pure_virtual  cpprt_w.l(pure_virt.o)
    0x00009388   0x00000c50   Code   RO         9315    i.__hardfp_pow      m_wm.l(pow.o)
    0x00009fd8   0x000000f8   Code   RO         9607    i.__kernel_poly     m_wm.l(poly.o)
    0x0000a0d0   0x00000030   Code   RO         9591    i.__mathlib_dbl_divzero  m_wm.l(dunder.o)
    0x0000a100   0x00000014   Code   RO         9593    i.__mathlib_dbl_infnan2  m_wm.l(dunder.o)
    0x0000a114   0x00000004   PAD
    0x0000a118   0x00000020   Code   RO         9594    i.__mathlib_dbl_invalid  m_wm.l(dunder.o)
    0x0000a138   0x00000020   Code   RO         9595    i.__mathlib_dbl_overflow  m_wm.l(dunder.o)
    0x0000a158   0x00000020   Code   RO         9597    i.__mathlib_dbl_underflow  m_wm.l(dunder.o)
    0x0000a178   0x0000004c   Code   RO         1033    i.__sti___21_EthernetInterface_cpp_af02a2e0  ethernetinterface.o
    0x0000a1c4   0x00000124   Code   RO         3662    i.__sti___8_main_cpp_ae136ca7  main.o
    0x0000a2e8   0x0000002c   Code   RO         3045    i.__user_perthread_libspace  rtx_conf_cm.o
    0x0000a314   0x00000010   Code   RO         3630    i.__user_setup_stackheap  sys.o
    0x0000a324   0x00000048   Code   RO         2672    i._init_box         rt_membox.o
    0x0000a36c   0x0000000e   Code   RO         9040    i._is_digit         c_w.l(__printf_wp.o)
    0x0000a37a   0x00000002   PAD
    0x0000a37c   0x00000020   Code   RO         3046    i._mutex_acquire    rtx_conf_cm.o
    0x0000a39c   0x0000004c   Code   RO         3047    i._mutex_initialize  rtx_conf_cm.o
    0x0000a3e8   0x0000001c   Code   RO         3048    i._mutex_release    rtx_conf_cm.o
    0x0000a404   0x0000002c   Code   RO         3515    i._sys_close        retarget.o
    0x0000a430   0x00000028   Code   RO         3518    i._sys_flen         retarget.o
    0x0000a458   0x00000028   Code   RO         3519    i._sys_istty        retarget.o
    0x0000a480   0x00000160   Code   RO         3520    i._sys_open         retarget.o
    0x0000a5e0   0x00000054   Code   RO         3521    i._sys_read         retarget.o
    0x0000a634   0x00000028   Code   RO         3522    i._sys_seek         retarget.o
    0x0000a65c   0x00000060   Code   RO         3523    i._sys_write        retarget.o
    0x0000a6bc   0x000000c4   Code   RO         7969    i.analogin_init     mbed.ar(analogin_api.o)
    0x0000a780   0x0000005c   Code   RO         7970    i.analogin_read     mbed.ar(analogin_api.o)
    0x0000a7dc   0x0000001c   Code   RO         6236    i.arp_timer         timers.o
    0x0000a7f8   0x00000054   Code   RO         4936    i.cJSON_Delete      cjson.o
    0x0000a84c   0x0000006a   Code   RO         4945    i.cJSON_GetObjectItem  cjson.o
    0x0000a8b6   0x00000070   Code   RO         4946    i.cJSON_HasObjectItem  cjson.o
    0x0000a926   0x00000002   PAD
    0x0000a928   0x00000070   Code   RO         4950    i.cJSON_Parse       cjson.o
    0x0000a998   0x000000c8   Code   RO         8426    i.core_util_critical_section_enter  mbed.ar(critical.o)
    0x0000aa60   0x00000094   Code   RO         8427    i.core_util_critical_section_exit  mbed.ar(critical.o)
    0x0000aaf4   0x0000009e   Code   RO         7667    i.crcSlow           mbed.ar(crc.o)
    0x0000ab92   0x00000002   Code   RO         7278    i.default_idle_hook  rtos_idle.o
    0x0000ab94   0x000000e8   Code   RO         5266    i.dhcp_arp_reply    dhcp.o
    0x0000ac7c   0x000000d8   Code   RO         5267    i.dhcp_bind         dhcp.o
    0x0000ad54   0x0000005c   Code   RO         5269    i.dhcp_coarse_tmr   dhcp.o
    0x0000adb0   0x00000194   Code   RO         5270    i.dhcp_create_msg   dhcp.o
    0x0000af44   0x00000130   Code   RO         5271    i.dhcp_discover     dhcp.o
    0x0000b074   0x000000dc   Code   RO         5272    i.dhcp_fine_tmr     dhcp.o
    0x0000b150   0x00000046   Code   RO         5274    i.dhcp_network_changed  dhcp.o
    0x0000b196   0x00000034   Code   RO         5275    i.dhcp_option_trailer  dhcp.o
    0x0000b1ca   0x00000002   PAD
    0x0000b1cc   0x00000114   Code   RO         5276    i.dhcp_rebind       dhcp.o
    0x0000b2e0   0x00000124   Code   RO         5277    i.dhcp_reboot       dhcp.o
    0x0000b404   0x00000390   Code   RO         5278    i.dhcp_recv         dhcp.o
    0x0000b794   0x000000b0   Code   RO         5279    i.dhcp_release      dhcp.o
    0x0000b844   0x00000110   Code   RO         5280    i.dhcp_renew        dhcp.o
    0x0000b954   0x00000244   Code   RO         5281    i.dhcp_select       dhcp.o
    0x0000bb98   0x000000e8   Code   RO         5283    i.dhcp_start        dhcp.o
    0x0000bc80   0x0000001c   Code   RO         6237    i.dhcp_timer_coarse  timers.o
    0x0000bc9c   0x0000001c   Code   RO         6238    i.dhcp_timer_fine   timers.o
    0x0000bcb8   0x0000006c   Code   RO         5416    i.dns_init          dns.o
    0x0000bd24   0x000001b0   Code   RO         5417    i.dns_recv          dns.o
    0x0000bed4   0x000000c8   Code   RO         5418    i.dns_send          dns.o
    0x0000bf9c   0x00000028   Code   RO         5419    i.dns_setserver     dns.o
    0x0000bfc4   0x0000001c   Code   RO         6239    i.dns_timer         timers.o
    0x0000bfe0   0x000000d8   Code   RO         5420    i.dns_tmr           dns.o
    0x0000c0b8   0x0000004e   Code   RO         4113    i.do_bind           api_msg.o
    0x0000c106   0x0000005e   Code   RO         4114    i.do_close          api_msg.o
    0x0000c164   0x00000118   Code   RO         4115    i.do_close_internal  api_msg.o
    0x0000c27c   0x0000008c   Code   RO         4118    i.do_delconn        api_msg.o
    0x0000c308   0x00000066   Code   RO         4121    i.do_getaddr        api_msg.o
    0x0000c36e   0x00000002   PAD
    0x0000c370   0x000000a4   Code   RO         4125    i.do_newconn        api_msg.o
    0x0000c414   0x0000003e   Code   RO         4126    i.do_recv           api_msg.o
    0x0000c452   0x00000078   Code   RO         4127    i.do_send           api_msg.o
    0x0000c4ca   0x00000002   PAD
    0x0000c4cc   0x00000054   Code   RO         4128    i.do_write          api_msg.o
    0x0000c520   0x0000011c   Code   RO         4129    i.do_writemore      api_msg.o
    0x0000c63c   0x0000009a   Code   RO         4130    i.err_tcp           api_msg.o
    0x0000c6d6   0x00000012   Code   RO         8392    i.error             mbed.ar(error.o)
    0x0000c6e8   0x00000002   Code   RO         3215    i.eth_arch_enable_interrupts  k64f_emac.o
    0x0000c6ea   0x00000002   PAD
    0x0000c6ec   0x00000250   Code   RO         3216    i.eth_arch_enetif_init  k64f_emac.o
    0x0000c93c   0x00000134   Code   RO         6885    i.etharp_output     etharp.o
    0x0000ca70   0x000001a8   Code   RO         6886    i.etharp_query      etharp.o
    0x0000cc18   0x000000a4   Code   RO         6887    i.etharp_request    etharp.o
    0x0000ccbc   0x00000044   Code   RO         6888    i.etharp_tmr        etharp.o
    0x0000cd00   0x0000001c   Code   RO         3217    i.ethernet_callback  k64f_emac.o
    0x0000cd1c   0x000001a0   Code   RO         6889    i.ethernet_input    etharp.o
    0x0000cebc   0x00000134   Code   RO         4456    i.event_callback    sockets.o
    0x0000cff0   0x00000020   Code   RO         3525    i.exit              retarget.o
    0x0000d010   0x00000018   Code   RO         9305    i.fabs              m_wm.l(fabs.o)
    0x0000d028   0x00000018   Code   RO         9068    i.fgetc             c_w.l(fgetc.o)
    0x0000d040   0x000000f4   Code   RO         6890    i.find_entry        etharp.o
    0x0000d134   0x0000001a   Code   RO         9074    i.fputc             c_w.l(fputc.o)
    0x0000d14e   0x00000002   PAD
    0x0000d150   0x00000064   Code   RO         7983    i.gpio_dir          mbed.ar(gpio_api.o)
    0x0000d1b4   0x00000014   Code   RO         7984    i.gpio_init         mbed.ar(gpio_api.o)
    0x0000d1c8   0x00000028   Code   RO         8400    i.gpio_init_in      mbed.ar(gpio.o)
    0x0000d1f0   0x00000036   Code   RO         8403    i.gpio_init_out     mbed.ar(gpio.o)
    0x0000d226   0x00000008   Code   RO         8685    i.gpio_irqA         mbed.ar(gpio_irq_api.o)
    0x0000d22e   0x00000008   Code   RO         8686    i.gpio_irqB         mbed.ar(gpio_irq_api.o)
    0x0000d236   0x00000008   Code   RO         8687    i.gpio_irqC         mbed.ar(gpio_irq_api.o)
    0x0000d23e   0x00000008   Code   RO         8688    i.gpio_irqD         mbed.ar(gpio_irq_api.o)
    0x0000d246   0x00000008   Code   RO         8689    i.gpio_irqE         mbed.ar(gpio_irq_api.o)
    0x0000d24e   0x00000002   PAD
    0x0000d250   0x00000010   Code   RO         8692    i.gpio_irq_free     mbed.ar(gpio_irq_api.o)
    0x0000d260   0x000000dc   Code   RO         8693    i.gpio_irq_init     mbed.ar(gpio_irq_api.o)
    0x0000d33c   0x00000080   Code   RO         8694    i.gpio_irq_set      mbed.ar(gpio_irq_api.o)
    0x0000d3bc   0x00000006   Code   RO         7985    i.gpio_mode         mbed.ar(gpio_api.o)
    0x0000d3c2   0x00000002   PAD
    0x0000d3c4   0x0000004c   Code   RO         7986    i.gpio_read         mbed.ar(gpio_api.o)
    0x0000d410   0x00000058   Code   RO         7988    i.gpio_write        mbed.ar(gpio_api.o)
    0x0000d468   0x0000008c   Code   RO         8695    i.handle_interrupt_in  mbed.ar(gpio_irq_api.o)
    0x0000d4f4   0x00000070   Code   RO         6522    i.icmp_dest_unreach  icmp.o
    0x0000d564   0x00000110   Code   RO         6523    i.icmp_input        icmp.o
    0x0000d674   0x00000070   Code   RO         6524    i.icmp_time_exceeded  icmp.o
    0x0000d6e4   0x0000001c   Code   RO         6558    i.igmp_init         igmp.o
    0x0000d700   0x0000016c   Code   RO         6559    i.igmp_input        igmp.o
    0x0000d86c   0x00000028   Code   RO         6562    i.igmp_lookfor_group  igmp.o
    0x0000d894   0x00000054   Code   RO         6563    i.igmp_report_groups  igmp.o
    0x0000d8e8   0x000000ac   Code   RO         6564    i.igmp_send         igmp.o
    0x0000d994   0x00000074   Code   RO         6565    i.igmp_start        igmp.o
    0x0000da08   0x00000018   Code   RO         6240    i.igmp_timer        timers.o
    0x0000da20   0x00000034   Code   RO         6567    i.igmp_tmr          igmp.o
    0x0000da54   0x0000000c   Code   RO         6658    i.inet_chksum       inet_chksum.o
    0x0000da60   0x00000046   Code   RO         6659    i.inet_chksum_pbuf  inet_chksum.o
    0x0000daa6   0x00000086   Code   RO         6660    i.inet_chksum_pseudo  inet_chksum.o
    0x0000db2c   0x0000009e   Code   RO         6661    i.inet_chksum_pseudo_partial  inet_chksum.o
    0x0000dbca   0x00000036   Code   RO         6771    i.ip4_addr_isbroadcast  ip_addr.o
    0x0000dc00   0x00000198   Code   RO         6836    i.ip_frag           ip_frag.o
    0x0000dd98   0x000001cc   Code   RO         6711    i.ip_input          ip.o
    0x0000df64   0x0000008c   Code   RO         6712    i.ip_output         ip.o
    0x0000dff0   0x00000022   Code   RO         6713    i.ip_output_if      ip.o
    0x0000e012   0x00000002   PAD
    0x0000e014   0x0000016c   Code   RO         6714    i.ip_output_if_opt  ip.o
    0x0000e180   0x000002b8   Code   RO         6837    i.ip_reass          ip_frag.o
    0x0000e438   0x00000114   Code   RO         6838    i.ip_reass_remove_oldest_datagram  ip_frag.o
    0x0000e54c   0x0000001c   Code   RO         6241    i.ip_reass_timer    timers.o
    0x0000e568   0x000000b4   Code   RO         6839    i.ip_reass_tmr      ip_frag.o
    0x0000e61c   0x00000048   Code   RO         6715    i.ip_route          ip.o
    0x0000e664   0x00000014   Code   RO         6773    i.ipaddr_addr       ip_addr.o
    0x0000e678   0x00000106   Code   RO         6774    i.ipaddr_aton       ip_addr.o
    0x0000e77e   0x00000002   PAD
    0x0000e780   0x000000a4   Code   RO         6775    i.ipaddr_ntoa       ip_addr.o
    0x0000e824   0x000000a4   Code   RO         6776    i.ipaddr_ntoa_r     ip_addr.o
    0x0000e8c8   0x0000001a   Code   RO         6840    i.ipfrag_free_pbuf_custom  ip_frag.o
    0x0000e8e2   0x00000052   Code   RO         2623    i.isr_mbx_receive   rt_mailbox.o
    0x0000e934   0x0000000e   Code   RO         2624    i.isr_mbx_send      rt_mailbox.o
    0x0000e942   0x00000010   Code   RO         2794    i.isr_sem_send      rt_semaphore.o
    0x0000e952   0x00000014   Code   RO         3219    i.k64f_etharp_output  k64f_emac.o
    0x0000e966   0x00000002   PAD
    0x0000e968   0x000000d8   Code   RO         3146    i.k64f_init_eth_hardware  hardware_init_mk64f12.o
    0x0000ea40   0x000000d0   Code   RO         3220    i.k64f_low_level_output  k64f_emac.o
    0x0000eb10   0x0000008c   Code   RO         3221    i.k64f_phy_task     k64f_emac.o
    0x0000eb9c   0x00000074   Code   RO         4458    i.lwip_bind         sockets.o
    0x0000ec10   0x00000016   Code   RO         6662    i.lwip_chksum_copy  inet_chksum.o
    0x0000ec26   0x00000002   PAD
    0x0000ec28   0x00000060   Code   RO         4459    i.lwip_close        sockets.o
    0x0000ec88   0x00000026   Code   RO         5479    i.lwip_init         init.o
    0x0000ecae   0x00000018   Code   RO         4469    i.lwip_recv         sockets.o
    0x0000ecc6   0x00000002   PAD
    0x0000ecc8   0x000001d8   Code   RO         4470    i.lwip_recvfrom     sockets.o
    0x0000eea0   0x0000029c   Code   RO         4471    i.lwip_select       sockets.o
    0x0000f13c   0x00000124   Code   RO         4472    i.lwip_selscan      sockets.o
    0x0000f260   0x000000b0   Code   RO         4473    i.lwip_send         sockets.o
    0x0000f310   0x000000cc   Code   RO         4474    i.lwip_sendto       sockets.o
    0x0000f3dc   0x0000007c   Code   RO         4477    i.lwip_shutdown     sockets.o
    0x0000f458   0x000000c8   Code   RO         4478    i.lwip_socket       sockets.o
    0x0000f520   0x00000002   Code   RO         4479    i.lwip_socket_init  sockets.o
    0x0000f522   0x00000062   Code   RO         6663    i.lwip_standard_chksum  inet_chksum.o
    0x0000f584   0x00000468   Code   RO         3663    i.main              main.o
    0x0000f9ec   0x00000054   Code   RO         8786    i.mbed_assert_internal  mbed.ar(assert.o)
    0x0000fa40   0x0000002e   Code   RO         3473    i.mbed_die          board.o
    0x0000fa6e   0x00000002   PAD
    0x0000fa70   0x00000054   Code   RO         3474    i.mbed_error_printf  board.o
    0x0000fac4   0x00000050   Code   RO         3475    i.mbed_error_vfprintf  board.o
    0x0000fb14   0x00000058   Code   RO         3496    i.mbed_mac_address  mbed_overrides.o
    0x0000fb6c   0x00000002   Code   RO         3526    i.mbed_main         retarget.o
    0x0000fb6e   0x00000004   Code   RO         3497    i.mbed_sdk_init     mbed_overrides.o
    0x0000fb72   0x00000002   PAD
    0x0000fb74   0x000000a4   Code   RO         5520    i.mem_free          mem.o
    0x0000fc18   0x0000003c   Code   RO         5521    i.mem_init          mem.o
    0x0000fc54   0x000000d8   Code   RO         5522    i.mem_malloc        mem.o
    0x0000fd2c   0x000000ec   Code   RO         5523    i.mem_trim          mem.o
    0x0000fe18   0x00000028   Code   RO         5571    i.memp_free         memp.o
    0x0000fe40   0x00000064   Code   RO         5572    i.memp_init         memp.o
    0x0000fea4   0x00000030   Code   RO         5573    i.memp_malloc       memp.o
    0x0000fed4   0x00000024   Code   RO         4301    i.netbuf_delete     netbuf.o
    0x0000fef8   0x0000001c   Code   RO         4303    i.netbuf_free       netbuf.o
    0x0000ff14   0x00000044   Code   RO         4306    i.netbuf_ref        netbuf.o
    0x0000ff58   0x0000006e   Code   RO         4131    i.netconn_alloc     api_msg.o
    0x0000ffc6   0x00000002   PAD
    0x0000ffc8   0x00000044   Code   RO         3921    i.netconn_bind      api_lib.o
    0x0001000c   0x00000028   Code   RO         3924    i.netconn_delete    api_lib.o
    0x00010034   0x000000b2   Code   RO         4132    i.netconn_drain     api_msg.o
    0x000100e6   0x0000001a   Code   RO         4133    i.netconn_free      api_msg.o
    0x00010100   0x00000048   Code   RO         3926    i.netconn_getaddr   api_lib.o
    0x00010148   0x0000004c   Code   RO         3930    i.netconn_new_with_proto_and_callback  api_lib.o
    0x00010194   0x0000008c   Code   RO         3931    i.netconn_recv      api_lib.o
    0x00010220   0x000000f0   Code   RO         3932    i.netconn_recv_data  api_lib.o
    0x00010310   0x00000012   Code   RO         3933    i.netconn_recv_tcp_pbuf  api_lib.o
    0x00010322   0x00000002   PAD
    0x00010324   0x00000034   Code   RO         3934    i.netconn_recved    api_lib.o
    0x00010358   0x00000040   Code   RO         3935    i.netconn_send      api_lib.o
    0x00010398   0x00000054   Code   RO         3937    i.netconn_shutdown  api_lib.o
    0x000103ec   0x0000005c   Code   RO         3938    i.netconn_write     api_lib.o
    0x00010448   0x000000f4   Code   RO         5625    i.netif_add         netif.o
    0x0001053c   0x00000002   Code   RO         5627    i.netif_init        netif.o
    0x0001053e   0x00000002   PAD
    0x00010540   0x0000000c   Code   RO         5630    i.netif_set_default  netif.o
    0x0001054c   0x0000001e   Code   RO         5631    i.netif_set_down    netif.o
    0x0001056a   0x0000000a   Code   RO         5632    i.netif_set_gw      netif.o
    0x00010574   0x0000006c   Code   RO         5633    i.netif_set_ipaddr  netif.o
    0x000105e0   0x00000008   Code   RO         5634    i.netif_set_link_callback  netif.o
    0x000105e8   0x0000001e   Code   RO         5635    i.netif_set_link_down  netif.o
    0x00010606   0x0000005c   Code   RO         5636    i.netif_set_link_up  netif.o
    0x00010662   0x0000000a   Code   RO         5637    i.netif_set_netmask  netif.o
    0x0001066c   0x00000008   Code   RO         5638    i.netif_set_status_callback  netif.o
    0x00010674   0x00000052   Code   RO         5639    i.netif_set_up      netif.o
    0x000106c6   0x00000002   PAD
    0x000106c8   0x00000018   Code   RO         1920    i.osDelay           rt_cmsis.o
    0x000106e0   0x00000094   Code   RO         1921    i.osKernelInitialize  rt_cmsis.o
    0x00010774   0x000000c0   Code   RO         1923    i.osKernelStart     rt_cmsis.o
    0x00010834   0x0000004c   Code   RO         1931    i.osMessageCreate   rt_cmsis.o
    0x00010880   0x00000058   Code   RO         1932    i.osMessageGet      rt_cmsis.o
    0x000108d8   0x00000044   Code   RO         1933    i.osMessagePut      rt_cmsis.o
    0x0001091c   0x0000004c   Code   RO         1934    i.osMutexCreate     rt_cmsis.o
    0x00010968   0x00000018   Code   RO         1935    i.osMutexDelete     rt_cmsis.o
    0x00010980   0x00000018   Code   RO         1936    i.osMutexRelease    rt_cmsis.o
    0x00010998   0x00000018   Code   RO         1937    i.osMutexWait       rt_cmsis.o
    0x000109b0   0x00000054   Code   RO         1942    i.osSemaphoreCreate  rt_cmsis.o
    0x00010a04   0x00000018   Code   RO         1943    i.osSemaphoreDelete  rt_cmsis.o
    0x00010a1c   0x00000044   Code   RO         1944    i.osSemaphoreRelease  rt_cmsis.o
    0x00010a60   0x00000018   Code   RO         1945    i.osSemaphoreWait   rt_cmsis.o
    0x00010a78   0x0000003c   Code   RO         1950    i.osThreadCreate    rt_cmsis.o
    0x00010ab4   0x00000018   Code   RO         1951    i.osThreadExit      rt_cmsis.o
    0x00010acc   0x00000044   Code   RO         1963    i.osTimerThread     rt_cmsis.o
    0x00010b10   0x00000044   Code   RO         3049    i.os_error          rtx_conf_cm.o
    0x00010b54   0x00000004   Code   RO         3050    i.os_idle_demon     rtx_conf_cm.o
    0x00010b58   0x00000028   Code   RO         2837    i.os_tick_init      rt_system.o
    0x00010b80   0x00000002   Code   RO         2838    i.os_tick_irqack    rt_system.o
    0x00010b82   0x00000002   PAD
    0x00010b84   0x000000c0   Code   RO         3222    i.packet_rx         k64f_emac.o
    0x00010c44   0x00000068   Code   RO         3223    i.packet_tx         k64f_emac.o
    0x00010cac   0x00000166   Code   RO         5741    i.pbuf_alloc        pbuf.o
    0x00010e12   0x00000056   Code   RO         5742    i.pbuf_alloced_custom  pbuf.o
    0x00010e68   0x00000028   Code   RO         5743    i.pbuf_cat          pbuf.o
    0x00010e90   0x00000042   Code   RO         5744    i.pbuf_chain        pbuf.o
    0x00010ed2   0x00000012   Code   RO         5745    i.pbuf_clen         pbuf.o
    0x00010ee4   0x00000094   Code   RO         5747    i.pbuf_copy         pbuf.o
    0x00010f78   0x00000070   Code   RO         5748    i.pbuf_copy_partial  pbuf.o
    0x00010fe8   0x00000060   Code   RO         5751    i.pbuf_free         pbuf.o
    0x00011048   0x00000070   Code   RO         5753    i.pbuf_header       pbuf.o
    0x000110b8   0x00000058   Code   RO         5756    i.pbuf_realloc      pbuf.o
    0x00011110   0x0000001c   Code   RO         5757    i.pbuf_ref          pbuf.o
    0x0001112c   0x0000007c   Code   RO         8716    i.pin_function      mbed.ar(pinmap.o)
    0x000111a8   0x00000074   Code   RO         8717    i.pin_mode          mbed.ar(pinmap.o)
    0x0001121c   0x0000003c   Code   RO         8797    i.pinmap_merge      mbed.ar(pinmap_common.o)
    0x00011258   0x0000005c   Code   RO         8798    i.pinmap_peripheral  mbed.ar(pinmap_common.o)
    0x000112b4   0x00000058   Code   RO         8799    i.pinmap_pinout     mbed.ar(pinmap_common.o)
    0x0001130c   0x0000005a   Code   RO         4134    i.poll_tcp          api_msg.o
    0x00011366   0x00000002   PAD
    0x00011368   0x00000100   Code   RO         7874    i.pwmout_init       mbed.ar(pwmout_api.o)
    0x00011468   0x0000000a   Code   RO         7876    i.pwmout_period_ms  mbed.ar(pwmout_api.o)
    0x00011472   0x00000002   PAD
    0x00011474   0x000000d8   Code   RO         7877    i.pwmout_period_us  mbed.ar(pwmout_api.o)
    0x0001154c   0x00000064   Code   RO         7882    i.pwmout_write      mbed.ar(pwmout_api.o)
    0x000115b0   0x0000006c   Code   RO         4135    i.recv_tcp          api_msg.o
    0x0001161c   0x00000076   Code   RO         4136    i.recv_udp          api_msg.o
    0x00011692   0x0000001a   Code   RO         2673    i.rt_alloc_box      rt_membox.o
    0x000116ac   0x00000050   Code   RO         2928    i.rt_block          rt_task.o
    0x000116fc   0x00000048   Code   RO         2773    i.rt_chk_robin      rt_robin.o
    0x00011744   0x000000c4   Code   RO         2548    i.rt_dec_dly        rt_list.o
    0x00011808   0x00000080   Code   RO         2929    i.rt_dispatch       rt_task.o
    0x00011888   0x00000006   Code   RO         3005    i.rt_dly_wait       rt_time.o
    0x0001188e   0x00000002   PAD
    0x00011890   0x00000054   Code   RO         2509    i.rt_evt_psh        rt_event.o
    0x000118e4   0x0000002c   Code   RO         2674    i.rt_free_box       rt_membox.o
    0x00011910   0x0000002a   Code   RO         2549    i.rt_get_first      rt_list.o
    0x0001193a   0x00000002   PAD
    0x0001193c   0x00000018   Code   RO         2774    i.rt_init_robin     rt_robin.o
    0x00011954   0x00000100   Code   RO         1864    i.rt_init_stack     hal_cm.o
    0x00011a54   0x00000008   Code   RO         2625    i.rt_mbx_check      rt_mailbox.o
    0x00011a5c   0x0000001a   Code   RO         2626    i.rt_mbx_init       rt_mailbox.o
    0x00011a76   0x00000002   PAD
    0x00011a78   0x00000114   Code   RO         2627    i.rt_mbx_psh        rt_mailbox.o
    0x00011b8c   0x000000a4   Code   RO         2628    i.rt_mbx_send       rt_mailbox.o
    0x00011c30   0x000000b8   Code   RO         2629    i.rt_mbx_wait       rt_mailbox.o
    0x00011ce8   0x00000048   Code   RO         1967    i.rt_ms2tick        rt_cmsis.o
    0x00011d30   0x000000b8   Code   RO         2725    i.rt_mut_delete     rt_mutex.o
    0x00011de8   0x00000010   Code   RO         2726    i.rt_mut_init       rt_mutex.o
    0x00011df8   0x000000e4   Code   RO         2727    i.rt_mut_release    rt_mutex.o
    0x00011edc   0x0000006c   Code   RO         2728    i.rt_mut_wait       rt_mutex.o
    0x00011f48   0x00000080   Code   RO         2841    i.rt_pop_req        rt_system.o
    0x00011fc8   0x00000020   Code   RO         2842    i.rt_psh_req        rt_system.o
    0x00011fe8   0x0000005c   Code   RO         2551    i.rt_psq_enq        rt_list.o
    0x00012044   0x00000068   Code   RO         2552    i.rt_put_dly        rt_list.o
    0x000120ac   0x00000042   Code   RO         2553    i.rt_put_prio       rt_list.o
    0x000120ee   0x00000002   PAD
    0x000120f0   0x00000014   Code   RO         2554    i.rt_put_rdy_first  rt_list.o
    0x00012104   0x0000008c   Code   RO         2555    i.rt_resort_prio    rt_list.o
    0x00012190   0x00000012   Code   RO         1865    i.rt_ret_val        hal_cm.o
    0x000121a2   0x00000014   Code   RO         1866    i.rt_ret_val2       hal_cm.o
    0x000121b6   0x0000002c   Code   RO         2556    i.rt_rmv_dly        rt_list.o
    0x000121e2   0x00000002   PAD
    0x000121e4   0x00000030   Code   RO         2557    i.rt_rmv_list       rt_list.o
    0x00012214   0x00000060   Code   RO         2795    i.rt_sem_delete     rt_semaphore.o
    0x00012274   0x0000000c   Code   RO         2796    i.rt_sem_init       rt_semaphore.o
    0x00012280   0x00000034   Code   RO         2797    i.rt_sem_psh        rt_semaphore.o
    0x000122b4   0x0000002a   Code   RO         2798    i.rt_sem_send       rt_semaphore.o
    0x000122de   0x00000002   PAD
    0x000122e0   0x00000044   Code   RO         2799    i.rt_sem_wait       rt_semaphore.o
    0x00012324   0x0000002c   Code   RO         2844    i.rt_stk_check      rt_system.o
    0x00012350   0x00000024   Code   RO         2930    i.rt_switch_req     rt_task.o
    0x00012374   0x00000124   Code   RO         2931    i.rt_sys_init       rt_task.o
    0x00012498   0x00000080   Code   RO         2932    i.rt_sys_start      rt_task.o
    0x00012518   0x00000040   Code   RO         2846    i.rt_systick        rt_system.o
    0x00012558   0x000000e4   Code   RO         2933    i.rt_tsk_create     rt_task.o
    0x0001263c   0x0000016c   Code   RO         2934    i.rt_tsk_delete     rt_task.o
    0x000127a8   0x0000007c   Code   RO         2936    i.rt_tsk_prio       rt_task.o
    0x00012824   0x00000010   Code   RO         2937    i.rt_tsk_self       rt_task.o
    0x00012834   0x0000000c   Code   RO         7280    i.rtos_idle_loop    rtos_idle.o
    0x00012840   0x0000005a   Code   RO         4137    i.sent_tcp          api_msg.o
    0x0001289a   0x00000002   PAD
    0x0001289c   0x00000030   Code   RO         7902    i.serial_baud       mbed.ar(serial_api.o)
    0x000128cc   0x00000038   Code   RO         7908    i.serial_getc       mbed.ar(serial_api.o)
    0x00012904   0x0000010c   Code   RO         7909    i.serial_init       mbed.ar(serial_api.o)
    0x00012a10   0x00000018   Code   RO         7910    i.serial_irq_handler  mbed.ar(serial_api.o)
    0x00012a28   0x00000040   Code   RO         7913    i.serial_putc       mbed.ar(serial_api.o)
    0x00012a68   0x00000030   Code   RO         7914    i.serial_readable   mbed.ar(serial_api.o)
    0x00012a98   0x00000028   Code   RO         3051    i.set_main_stack    rtx_conf_cm.o
    0x00012ac0   0x0000006e   Code   RO         9612    i.sqrt              m_wm.l(sqrt.o)
    0x00012b2e   0x00000014   Code   RO         1969    i.svcDelay          rt_cmsis.o
    0x00012b42   0x00000002   PAD
    0x00012b44   0x00000070   Code   RO         1970    i.svcKernelInitialize  rt_cmsis.o
    0x00012bb4   0x0000000c   Code   RO         1971    i.svcKernelRunning  rt_cmsis.o
    0x00012bc0   0x0000004c   Code   RO         1972    i.svcKernelStart    rt_cmsis.o
    0x00012c0c   0x00000026   Code   RO         1975    i.svcMessageCreate  rt_cmsis.o
    0x00012c32   0x00000044   Code   RO         1976    i.svcMessageGet     rt_cmsis.o
    0x00012c76   0x0000003c   Code   RO         1977    i.svcMessagePut     rt_cmsis.o
    0x00012cb2   0x0000001e   Code   RO         1978    i.svcMutexCreate    rt_cmsis.o
    0x00012cd0   0x0000001c   Code   RO         1979    i.svcMutexDelete    rt_cmsis.o
    0x00012cec   0x00000022   Code   RO         1980    i.svcMutexRelease   rt_cmsis.o
    0x00012d0e   0x00000038   Code   RO         1981    i.svcMutexWait      rt_cmsis.o
    0x00012d46   0x00000026   Code   RO         1983    i.svcSemaphoreCreate  rt_cmsis.o
    0x00012d6c   0x0000001c   Code   RO         1984    i.svcSemaphoreDelete  rt_cmsis.o
    0x00012d88   0x0000002a   Code   RO         1985    i.svcSemaphoreRelease  rt_cmsis.o
    0x00012db2   0x00000032   Code   RO         1986    i.svcSemaphoreWait  rt_cmsis.o
    0x00012de4   0x0000007c   Code   RO         1990    i.svcThreadCreate   rt_cmsis.o
    0x00012e60   0x0000001c   Code   RO         1991    i.svcThreadGetId    rt_cmsis.o
    0x00012e7c   0x00000038   Code   RO         1994    i.svcThreadTerminate  rt_cmsis.o
    0x00012eb4   0x0000001a   Code   RO         1996    i.svcTimerCall      rt_cmsis.o
    0x00012ece   0x00000002   PAD
    0x00012ed0   0x000000b0   Code   RO         2005    i.sysTimerTick      rt_cmsis.o
    0x00012f80   0x00000040   Code   RO         4733    i.sys_arch_mbox_fetch  sys_arch.o
    0x00012fc0   0x0000001a   Code   RO         4734    i.sys_arch_mbox_tryfetch  sys_arch.o
    0x00012fda   0x00000002   PAD
    0x00012fdc   0x00000038   Code   RO         4735    i.sys_arch_protect  sys_arch.o
    0x00013014   0x00000036   Code   RO         4736    i.sys_arch_sem_wait  sys_arch.o
    0x0001304a   0x00000002   PAD
    0x0001304c   0x0000003c   Code   RO         4737    i.sys_arch_unprotect  sys_arch.o
    0x00013088   0x00000038   Code   RO         4738    i.sys_init          sys_arch.o
    0x000130c0   0x00000034   Code   RO         4740    i.sys_mbox_free     sys_arch.o
    0x000130f4   0x00000064   Code   RO         4741    i.sys_mbox_new      sys_arch.o
    0x00013158   0x00000034   Code   RO         4742    i.sys_mbox_post     sys_arch.o
    0x0001318c   0x00000014   Code   RO         4743    i.sys_mbox_trypost  sys_arch.o
    0x000131a0   0x00000034   Code   RO         4746    i.sys_mutex_lock    sys_arch.o
    0x000131d4   0x00000028   Code   RO         4747    i.sys_mutex_new     sys_arch.o
    0x000131fc   0x00000030   Code   RO         4748    i.sys_mutex_unlock  sys_arch.o
    0x0001322c   0x00000002   Code   RO         4750    i.sys_sem_free      sys_arch.o
    0x0001322e   0x00000002   PAD
    0x00013230   0x00000044   Code   RO         4751    i.sys_sem_new       sys_arch.o
    0x00013274   0x00000016   Code   RO         4752    i.sys_sem_signal    sys_arch.o
    0x0001328a   0x00000002   PAD
    0x0001328c   0x000000d0   Code   RO         4753    i.sys_thread_new    sys_arch.o
    0x0001335c   0x0000006c   Code   RO         6242    i.sys_timeout       timers.o
    0x000133c8   0x00000064   Code   RO         6243    i.sys_timeouts_init  timers.o
    0x0001342c   0x00000060   Code   RO         6244    i.sys_timeouts_mbox_fetch  timers.o
    0x0001348c   0x00000054   Code   RO         6245    i.sys_untimeout     timers.o
    0x000134e0   0x000000d8   Code   RO         5906    i.tcp_abandon       tcp.o
    0x000135b8   0x00000006   Code   RO         5907    i.tcp_abort         tcp.o
    0x000135be   0x00000004   Code   RO         5908    i.tcp_accept        tcp.o
    0x000135c2   0x00000002   PAD
    0x000135c4   0x00000118   Code   RO         5910    i.tcp_alloc         tcp.o
    0x000136dc   0x00000004   Code   RO         5911    i.tcp_arg           tcp.o
    0x000136e0   0x000000bc   Code   RO         5912    i.tcp_bind          tcp.o
    0x0001379c   0x00000018   Code   RO         5913    i.tcp_close         tcp.o
    0x000137b4   0x00000134   Code   RO         5914    i.tcp_close_shutdown  tcp.o
    0x000138e8   0x00000024   Code   RO         5917    i.tcp_eff_send_mss  tcp.o
    0x0001390c   0x00000142   Code   RO         6153    i.tcp_enqueue_flags  tcp_out.o
    0x00013a4e   0x00000006   Code   RO         5918    i.tcp_err           tcp.o
    0x00013a54   0x000000e4   Code   RO         5919    i.tcp_fasttmr       tcp.o
    0x00013b38   0x00000554   Code   RO         6108    i.tcp_input         tcp_in.o
    0x0001408c   0x00000092   Code   RO         6154    i.tcp_keepalive     tcp_out.o
    0x0001411e   0x00000006   Code   RO         5921    i.tcp_new           tcp.o
    0x00014124   0x00000288   Code   RO         6155    i.tcp_output        tcp_out.o
    0x000143ac   0x0000006a   Code   RO         5923    i.tcp_pcb_purge     tcp.o
    0x00014416   0x00000002   PAD
    0x00014418   0x00000060   Code   RO         5924    i.tcp_pcb_remove    tcp.o
    0x00014478   0x0000000a   Code   RO         5925    i.tcp_poll          tcp.o
    0x00014482   0x00000002   PAD
    0x00014484   0x00000414   Code   RO         6109    i.tcp_process       tcp_in.o
    0x00014898   0x00000414   Code   RO         6110    i.tcp_receive       tcp_in.o
    0x00014cac   0x00000006   Code   RO         5926    i.tcp_recv          tcp.o
    0x00014cb2   0x00000096   Code   RO         5927    i.tcp_recv_null     tcp.o
    0x00014d48   0x0000006e   Code   RO         5928    i.tcp_recved        tcp.o
    0x00014db6   0x0000004a   Code   RO         6156    i.tcp_rexmit        tcp_out.o
    0x00014e00   0x0000009a   Code   RO         6157    i.tcp_rexmit_fast   tcp_out.o
    0x00014e9a   0x0000002e   Code   RO         6158    i.tcp_rexmit_rto    tcp_out.o
    0x00014ec8   0x00000086   Code   RO         6159    i.tcp_rst           tcp_out.o
    0x00014f4e   0x00000020   Code   RO         5929    i.tcp_seg_free      tcp.o
    0x00014f6e   0x00000026   Code   RO         5930    i.tcp_segs_free     tcp.o
    0x00014f94   0x000000a4   Code   RO         6160    i.tcp_send_empty_ack  tcp_out.o
    0x00015038   0x0000003e   Code   RO         6161    i.tcp_send_fin      tcp_out.o
    0x00015076   0x00000006   Code   RO         5931    i.tcp_sent          tcp.o
    0x0001507c   0x0000004a   Code   RO         5933    i.tcp_shutdown      tcp.o
    0x000150c6   0x00000002   PAD
    0x000150c8   0x00000248   Code   RO         5934    i.tcp_slowtmr       tcp.o
    0x00015310   0x00000038   Code   RO         6246    i.tcp_timer_needed  timers.o
    0x00015348   0x00000024   Code   RO         5935    i.tcp_tmr           tcp.o
    0x0001536c   0x0000003c   Code   RO         5936    i.tcp_update_rcv_ann_wnd  tcp.o
    0x000153a8   0x000003f0   Code   RO         6162    i.tcp_write         tcp_out.o
    0x00015798   0x00000104   Code   RO         6163    i.tcp_zero_window_probe  tcp_out.o
    0x0001589c   0x0000003c   Code   RO         4629    i.tcpip_apimsg      tcpip.o
    0x000158d8   0x00000060   Code   RO         4630    i.tcpip_callback_with_block  tcpip.o
    0x00015938   0x00000048   Code   RO         4631    i.tcpip_init        tcpip.o
    0x00015980   0x0000004c   Code   RO         4632    i.tcpip_input       tcpip.o
    0x000159cc   0x00000038   Code   RO         6247    i.tcpip_tcp_timer   timers.o
    0x00015a04   0x00000090   Code   RO         4633    i.tcpip_thread      tcpip.o
    0x00015a94   0x0000004e   Code   RO         8895    i.ticker_irq_handler  mbed.ar(ticker_api.o)
    0x00015ae2   0x00000002   PAD
    0x00015ae4   0x00000088   Code   RO         6351    i.udp_bind          udp.o
    0x00015b6c   0x00000050   Code   RO         6352    i.udp_connect       udp.o
    0x00015bbc   0x000001c8   Code   RO         6354    i.udp_input         udp.o
    0x00015d84   0x00000028   Code   RO         6355    i.udp_new           udp.o
    0x00015dac   0x00000006   Code   RO         6356    i.udp_recv          udp.o
    0x00015db2   0x00000002   PAD
    0x00015db4   0x0000002c   Code   RO         6357    i.udp_remove        udp.o
    0x00015de0   0x00000050   Code   RO         6359    i.udp_send_chksum   udp.o
    0x00015e30   0x00000050   Code   RO         6360    i.udp_sendto        udp.o
    0x00015e80   0x0000004c   Code   RO         6361    i.udp_sendto_chksum  udp.o
    0x00015ecc   0x0000001a   Code   RO         6362    i.udp_sendto_if     udp.o
    0x00015ee6   0x00000158   Code   RO         6363    i.udp_sendto_if_chksum  udp.o
    0x0001603e   0x00000002   PAD
    0x00016040   0x00000048   Code   RO         3225    i.update_read_buffer  k64f_emac.o
    0x00016088   0x00000010   Code   RO         7952    i.us_ticker_clear_interrupt  mbed.ar(us_ticker.o)
    0x00016098   0x00000014   Code   RO         7953    i.us_ticker_disable_interrupt  mbed.ar(us_ticker.o)
    0x000160ac   0x000000c0   Code   RO         7954    i.us_ticker_init    mbed.ar(us_ticker.o)
    0x0001616c   0x0000000c   Code   RO         8813    i.us_ticker_irq_handler  mbed.ar(us_ticker_api.o)
    0x00016178   0x00000020   Code   RO         7955    i.us_ticker_read    mbed.ar(us_ticker.o)
    0x00016198   0x00000084   Code   RO         7956    i.us_ticker_set_interrupt  mbed.ar(us_ticker.o)
    0x0001621c   0x0000001c   Code   RO         8448    i.wait_ms           mbed.ar(wait_api.o)
    0x00016238   0x00000018   Code   RO         8449    i.wait_us           mbed.ar(wait_api.o)
    0x00016250   0x0000002c   Code   RO         9726    locale$$code        c_w.l(lc_ctype_c.o)
    0x0001627c   0x0000002c   Code   RO         9729    locale$$code        c_w.l(lc_numeric_c.o)
    0x000162a8   0x00000004   Code   RO         3776    t._ZN4mbed8CallbackIFvvEE11_boundthunkIvEEvPvS4_  main.o
    0x000162ac   0x00000004   Code   RO         3782    t._ZN4mbed8CallbackIFvvEE12_staticthunkEPvS3_  main.o
    0x000162b0   0x0000000e   Code   RO         7512    t._ZN4mbed8CallbackIFvvEE5thunkEPv  thread.o
    0x000162be   0x00000018   Code   RO         9564    x$fpl$basic         fz_wm.l(basic.o)
    0x000162d6   0x00000002   PAD
    0x000162d8   0x00000062   Code   RO         9273    x$fpl$d2f           fz_wm.l(d2f.o)
    0x0001633a   0x00000002   PAD
    0x0001633c   0x00000150   Code   RO         9275    x$fpl$dadd          fz_wm.l(daddsub_clz.o)
    0x0001648c   0x00000010   Code   RO         9799    x$fpl$dcheck1       fz_wm.l(dcheck1.o)
    0x0001649c   0x00000018   Code   RO         9566    x$fpl$dcmpinf       fz_wm.l(dcmpi.o)
    0x000164b4   0x000002b0   Code   RO         9569    x$fpl$ddiv          fz_wm.l(ddiv.o)
    0x00016764   0x0000005e   Code   RO         9283    x$fpl$dfix          fz_wm.l(dfix.o)
    0x000167c2   0x0000002e   Code   RO         9288    x$fpl$dflt          fz_wm.l(dflt_clz.o)
    0x000167f0   0x00000026   Code   RO         9287    x$fpl$dfltu         fz_wm.l(dflt_clz.o)
    0x00016816   0x00000002   PAD
    0x00016818   0x00000078   Code   RO         9293    x$fpl$dleqf         fz_wm.l(dleqf.o)
    0x00016890   0x00000154   Code   RO         9295    x$fpl$dmul          fz_wm.l(dmul.o)
    0x000169e4   0x0000009c   Code   RO         9572    x$fpl$dnaninf       fz_wm.l(dnaninf.o)
    0x00016a80   0x0000000c   Code   RO         9574    x$fpl$dretinf       fz_wm.l(dretinf.o)
    0x00016a8c   0x0000006c   Code   RO         9297    x$fpl$drleqf        fz_wm.l(drleqf.o)
    0x00016af8   0x00000016   Code   RO         9276    x$fpl$drsb          fz_wm.l(daddsub_clz.o)
    0x00016b0e   0x00000002   PAD
    0x00016b10   0x00000198   Code   RO         9801    x$fpl$dsqrt         fz_wm.l(dsqrt_umaal.o)
    0x00016ca8   0x000001d4   Code   RO         9277    x$fpl$dsub          fz_wm.l(daddsub_clz.o)
    0x00016e7c   0x00000056   Code   RO         9299    x$fpl$f2d           fz_wm.l(f2d.o)
    0x00016ed2   0x0000008c   Code   RO         9576    x$fpl$fnaninf       fz_wm.l(fnaninf.o)
    0x00016f5e   0x0000000a   Code   RO         9803    x$fpl$fpinit        fz_wm.l(fpinit.o)
    0x00016f68   0x0000000a   Code   RO         9578    x$fpl$fretinf       fz_wm.l(fretinf.o)
    0x00016f72   0x00000004   Code   RO         9301    x$fpl$printf1       fz_wm.l(printf1.o)
    0x00016f76   0x00000004   Code   RO         9580    x$fpl$printf2       fz_wm.l(printf2.o)
    0x00016f7a   0x00000064   Code   RO         9855    x$fpl$retnan        fz_wm.l(retnan.o)
    0x00016fde   0x0000005c   Code   RO         9586    x$fpl$scalbn        fz_wm.l(scalbn.o)
    0x0001703a   0x00000030   Code   RO         9885    x$fpl$trapveneer    fz_wm.l(trapv.o)
    0x0001706a   0x00000000   Code   RO         9590    x$fpl$usenofp       fz_wm.l(usenofp.o)
    0x0001706a   0x00000002   Data   RO         3060    .constdata          rtx_conf_cm.o
    0x0001706c   0x00000004   Data   RO         3061    .constdata          rtx_conf_cm.o
    0x00017070   0x00000004   Data   RO         3062    .constdata          rtx_conf_cm.o
    0x00017074   0x00000004   Data   RO         3066    .constdata          rtx_conf_cm.o
    0x00017078   0x00000001   Data   RO         3067    .constdata          rtx_conf_cm.o
    0x00017079   0x00000003   PAD
    0x0001707c   0x00000010   Data   RO         3068    .constdata          rtx_conf_cm.o
    0x0001708c   0x00000002   Data   RO         3069    .constdata          rtx_conf_cm.o
    0x0001708e   0x00000002   PAD
    0x00017090   0x00000004   Data   RO         3070    .constdata          rtx_conf_cm.o
    0x00017094   0x00000001   Data   RO         3071    .constdata          rtx_conf_cm.o
    0x00017095   0x00000003   PAD
    0x00017098   0x00000014   Data   RO         3072    .constdata          rtx_conf_cm.o
    0x000170ac   0x00000008   Data   RO         3073    .constdata          rtx_conf_cm.o
    0x000170b4   0x00000002   Data   RO         3074    .constdata          rtx_conf_cm.o
    0x000170b6   0x00000002   PAD
    0x000170b8   0x00000024   Data   RO         3227    .constdata          k64f_emac.o
    0x000170dc   0x00000017   Data   RO         3568    .constdata          retarget.o
    0x000170f3   0x00000001   PAD
    0x000170f4   0x00000008   Data   RO         3683    .constdata          main.o
    0x000170fc   0x00000040   Data   RO         4482    .constdata          sockets.o
    0x0001713c   0x00000004   Data   RO         4756    .constdata          sys_arch.o
    0x00017140   0x00000007   Data   RO         5003    .constdata          cjson.o
    0x00017147   0x00000001   PAD
    0x00017148   0x0000003c   Data   RO         5575    .constdata          memp.o
    0x00017184   0x00000054   Data   RO         5937    .constdata          tcp.o
    0x000171d8   0x00000200   Data   RO         6468    .constdata          lib_crc16.o
    0x000173d8   0x00000004   Data   RO         6778    .constdata          ip_addr.o
    0x000173dc   0x00000004   Data   RO         6779    .constdata          ip_addr.o
    0x000173e0   0x0000000c   Data   RO         6892    .constdata          etharp.o
    0x000173ec   0x00000040   Data   RO         7677    .constdata          mbed.ar(fsl_clock_config.o)
    0x0001742c   0x00000060   Data   RO         7760    .constdata          mbed.ar(fsl_clock.o)
    0x0001748c   0x0000000c   Data   RO         7840    .constdata          mbed.ar(fsl_enet.o)
    0x00017498   0x00000014   Data   RO         7883    .constdata          mbed.ar(pwmout_api.o)
    0x000174ac   0x00000020   Data   RO         7923    .constdata          mbed.ar(serial_api.o)
    0x000174cc   0x00000008   Data   RO         7972    .constdata          mbed.ar(analogin_api.o)
    0x000174d4   0x00000014   Data   RO         7989    .constdata          mbed.ar(gpio_api.o)
    0x000174e8   0x00000120   Data   RO         8460    .constdata          mbed.ar(PeripheralPins.o)
    0x00017608   0x00000090   Data   RO         8464    .constdata          mbed.ar(PeripheralPins.o)
    0x00017698   0x00000090   Data   RO         8465    .constdata          mbed.ar(PeripheralPins.o)
    0x00017728   0x000001d4   Data   RO         8470    .constdata          mbed.ar(PeripheralPins.o)
    0x000178fc   0x00000010   Data   RO         8488    .constdata          mbed.ar(fsl_adc16.o)
    0x0001790c   0x00000020   Data   RO         8523    .constdata          mbed.ar(fsl_ftm.o)
    0x0001792c   0x00000008   Data   RO         8549    .constdata          mbed.ar(fsl_pit.o)
    0x00017934   0x00000038   Data   RO         8617    .constdata          mbed.ar(fsl_uart.o)
    0x0001796c   0x00000030   Data   RO         8697    .constdata          mbed.ar(gpio_irq_api.o)
    0x0001799c   0x00000028   Data   RO         8718    .constdata          mbed.ar(pinmap.o)
    0x000179c4   0x00000014   Data   RO         8814    .constdata          mbed.ar(us_ticker_api.o)
    0x000179d8   0x00000008   Data   RO         8815    .constdata          mbed.ar(us_ticker_api.o)
    0x000179e0   0x00000028   Data   RO         9028    .constdata          c_w.l(_printf_hex_int_ll_ptr.o)
    0x00017a08   0x00000011   Data   RO         9048    .constdata          c_w.l(__printf_flags_ss_wp.o)
    0x00017a19   0x00000007   PAD
    0x00017a20   0x00000088   Data   RO         9318    .constdata          m_wm.l(pow.o)
    0x00017aa8   0x00000008   Data   RO         9404    .constdata          c_w.l(_printf_wctomb.o)
    0x00017ab0   0x00000008   Data   RO         9609    .constdata          m_wm.l(qnan.o)
    0x00017ab8   0x00000026   Data   RO         9650    .constdata          c_w.l(_printf_fp_hex.o)
    0x00017ade   0x00000002   PAD
    0x00017ae0   0x00000094   Data   RO         9671    .constdata          c_w.l(bigflt0.o)
    0x00017b74   0x00000034   Data   RO         3619    .constdata__ZTVN4mbed10FileHandleE  retarget.o
    0x00017ba8   0x00000018   Data   RO         8300    .constdata__ZTVN4mbed10SerialBaseE  mbed.ar(SerialBase.o)
    0x00017bc0   0x00000010   Data   RO         8146    .constdata__ZTVN4mbed11InterruptInE  mbed.ar(InterruptIn.o)
    0x00017bd0   0x0000006c   Data   RO         8226    .constdata__ZTVN4mbed6SerialE  mbed.ar(Serial.o)
    0x00017c3c   0x0000004c   Data   RO         8386    .constdata__ZTVN4mbed6StreamE  mbed.ar(Stream.o)
    0x00017c88   0x00000018   Data   RO         3801    .constdata__ZTVN4mbed8AnalogInE  main.o
    0x00017ca0   0x00000010   Data   RO         8755    .constdata__ZTVN4mbed8FileBaseE  mbed.ar(FileBase.o)
    0x00017cb0   0x00000044   Data   RO         8780    .constdata__ZTVN4mbed8FileLikeE  mbed.ar(FileLike.o)
    0x00017cf4   0x00000010   Data   RO         7511    .constdata__ZTVN4rtos6ThreadE  thread.o
    0x00017d04   0x0000040e   Data   RO          762    .conststring        evcharger.o
    0x00018112   0x00000002   PAD
    0x00018114   0x000000ab   Data   RO         3684    .conststring        main.o
    0x000181bf   0x00000001   PAD
    0x000181c0   0x00000075   Data   RO         5938    .conststring        tcp.o
    0x00018235   0x00000003   PAD
    0x00018238   0x0000007f   Data   RO         7692    .conststring        mbed.ar(fsl_phy.o)
    0x000182b7   0x00000001   PAD
    0x000182b8   0x0000007d   Data   RO         7761    .conststring        mbed.ar(fsl_clock.o)
    0x00018335   0x00000003   PAD
    0x00018338   0x0000007c   Data   RO         7841    .conststring        mbed.ar(fsl_enet.o)
    0x000183b4   0x00000076   Data   RO         7884    .conststring        mbed.ar(pwmout_api.o)
    0x0001842a   0x00000002   PAD
    0x0001842c   0x00000076   Data   RO         7924    .conststring        mbed.ar(serial_api.o)
    0x000184a2   0x00000002   PAD
    0x000184a4   0x00000070   Data   RO         7973    .conststring        mbed.ar(analogin_api.o)
    0x00018514   0x0000006c   Data   RO         7990    .conststring        mbed.ar(gpio_api.o)
    0x00018580   0x0000007d   Data   RO         8489    .conststring        mbed.ar(fsl_adc16.o)
    0x000185fd   0x00000003   PAD
    0x00018600   0x0000007b   Data   RO         8524    .conststring        mbed.ar(fsl_ftm.o)
    0x0001867b   0x00000001   PAD
    0x0001867c   0x0000007b   Data   RO         8550    .conststring        mbed.ar(fsl_pit.o)
    0x000186f7   0x00000001   PAD
    0x000186f8   0x0000007c   Data   RO         8618    .conststring        mbed.ar(fsl_uart.o)
    0x00018774   0x0000006a   Data   RO         8719    .conststring        mbed.ar(pinmap.o)
    0x000187de   0x00000002   PAD
    0x000187e0   0x0000007c   Data   RO         8856    .conststring        mbed.ar(fsl_dspi.o)
    0x0001885c   0x00000020   Data   RO         9919    Region$$Table       anon$$obj.o
    0x0001887c   0x00000110   Data   RO         9725    locale$$data        c_w.l(lc_ctype_c.o)
    0x0001898c   0x0000001c   Data   RO         9728    locale$$data        c_w.l(lc_numeric_c.o)
    0x000189a8   0x00000004   Data   RO         1048    .init_array         ethernetinterface.o
    0x000189ac   0x00000004   Data   RO         3687    .init_array         main.o
    0x000189b0   0x00000000   Data   RO         9142    .init_array         c_w.l(init_aeabi.o)


    Execution Region VECTOR_RAM (Base: 0x1fff0000, Size: 0x00000400, Max: 0x00000400, ABSOLUTE)

    Base Addr    Size         Type   Attr      Idx    E Section Name        Object

    0x1fff0000   0x00000400   Zero   RW            1    VECTOR_RAM.bss      anon$$obj.o


    Execution Region RW_m_data (Base: 0x1fff0400, Size: 0x00000000, Max: 0x0000fc00, ABSOLUTE)

    **** No section assigned to this execution region ****


    Execution Region RW_IRAM1 (Base: 0x20000000, Size: 0x0000f480, Max: 0x00030000, ABSOLUTE, COMPRESSED[0x00000028])

    Base Addr    Size         Type   Attr      Idx    E Section Name        Object

    0x20000000   0x00000016   Data   RW          763    .data               evcharger.o
    0x20000016   0x00000001   Data   RW         1047    .data               ethernetinterface.o
    0x20000017   0x00000001   PAD
    0x20000018   0x00000008   Data   RW         2008    .data               rt_cmsis.o
    0x20000020   0x00000008   Data   RW         2756    .data               rt_oseventobserver.o
    0x20000028   0x00000008   Data   RW         2775    .data               rt_robin.o
    0x20000030   0x00000008   Data   RW         2849    .data               rt_system.o
    0x20000038   0x00000008   Data   RW         2939    .data               rt_task.o
    0x20000040   0x00000004   Data   RW         3009    .data               rt_time.o
    0x20000044   0x00000004   Data   RW         3076    .data               rtx_conf_cm.o
    0x20000048   0x00000018   Data   RW         3077    .data               rtx_conf_cm.o
    0x20000060   0x00000004   Data   RW         3078    .data               rtx_conf_cm.o
    0x20000064   0x00000004   Data   RW         3079    .data               rtx_conf_cm.o
    0x20000068   0x00000004   Data   RW         3080    .data               rtx_conf_cm.o
    0x2000006c   0x00000004   Data   RW         3081    .data               rtx_conf_cm.o
    0x20000070   0x00000008   Data   RW         3228    .data               k64f_emac.o
    0x20000078   0x00000004   Data   RW         3638    .data               system_MK64F12.o
    0x2000007c   0x0000004c   Data   RW         3685    .data               main.o
    0x200000c8   0x00000008   Data   RW         4483    .data               sockets.o
    0x200000d0   0x00000008   Data   RW         4637    .data               tcpip.o
    0x200000d8   0x0000000c   Data   RW         4757    .data               sys_arch.o
    0x200000e4   0x0000000c   Data   RW         5004    .data               cjson.o
    0x200000f0   0x00000004   Data   RW         5286    .data               dhcp.o
    0x200000f4   0x00000014   Data   RW         5422    .data               dns.o
    0x20000108   0x0000000c   Data   RW         5525    .data               mem.o
    0x20000114   0x0000000c   Data   RW         5640    .data               netif.o
    0x20000120   0x00000020   Data   RW         5939    .data               tcp.o
    0x20000140   0x0000001c   Data   RW         6112    .data               tcp_in.o
    0x2000015c   0x00000008   Data   RW         6248    .data               timers.o
    0x20000164   0x00000004   Data   RW         6364    .data               udp.o
    0x20000168   0x0000000c   Data   RW         6568    .data               igmp.o
    0x20000174   0x00000014   Data   RW         6716    .data               ip.o
    0x20000188   0x00000008   Data   RW         6841    .data               ip_frag.o
    0x20000190   0x00000001   Data   RW         6893    .data               etharp.o
    0x20000191   0x00000003   PAD
    0x20000194   0x00000004   Data   RW         7281    .data               rtos_idle.o
    0x20000198   0x00000010   Data   RW         7762    .data               mbed.ar(fsl_clock.o)
    0x200001a8   0x00000004   Data   RW         7842    .data               mbed.ar(fsl_enet.o)
    0x200001ac   0x00000004   Data   RW         7885    .data               mbed.ar(pwmout_api.o)
    0x200001b0   0x0000000c   Data   RW         7925    .data               mbed.ar(serial_api.o)
    0x200001bc   0x00000004   Data   RW         7957    .data               mbed.ar(us_ticker.o)
    0x200001c0   0x00000001   Data   RW         8003    .data               mbed.ar(AnalogIn.o)
    0x200001c1   0x00000003   PAD
    0x200001c4   0x00000008   Data   RW         8428    .data               mbed.ar(critical.o)
    0x200001cc   0x00000004   Data   RW         8619    .data               mbed.ar(fsl_uart.o)
    0x200001d0   0x00000004   Data   RW         8698    .data               mbed.ar(gpio_irq_api.o)
    0x200001d4   0x00000004   Data   RW         8742    .data               mbed.ar(FileBase.o)
    0x200001d8   0x00000008   Data   RW         8816    .data               mbed.ar(us_ticker_api.o)
    0x200001e0   0x00000008   Data   RW         8857    .data               mbed.ar(fsl_dspi.o)
    0x200001e8   0x00000004   Data   RW         9088    .data               c_w.l(stdio_streams.o)
    0x200001ec   0x00000004   Data   RW         9089    .data               c_w.l(stdio_streams.o)
    0x200001f0   0x00000004   Data   RW         9090    .data               c_w.l(stdio_streams.o)
    0x200001f4   0x00000004   Data   RW         9461    .data               c_w.l(streamlock.o)
    0x200001f8   0x00000190   Zero   RW          761    .bss                evcharger.o
    0x20000388   0x000000bc   Zero   RW         1046    .bss                ethernetinterface.o
    0x20000444   0x00000030   Zero   RW         2558    .bss                rt_list.o
    0x20000474   0x0000003c   Zero   RW         2938    .bss                rt_task.o
    0x200004b0   0x00000020   Zero   RW         3053    .bss                rtx_conf_cm.o
    0x200004d0   0x00000390   Zero   RW         3054    .bss                rtx_conf_cm.o
    0x20000860   0x00000210   Zero   RW         3055    .bss                rtx_conf_cm.o
    0x20000a70   0x00000084   Zero   RW         3056    .bss                rtx_conf_cm.o
    0x20000af4   0x0000003c   Zero   RW         3057    .bss                rtx_conf_cm.o
    0x20000b30   0x00000320   Zero   RW         3058    .bss                rtx_conf_cm.o
    0x20000e50   0x00000660   Zero   RW         3059    .bss                rtx_conf_cm.o
    0x200014b0   0x00000138   Zero   RW         3226    .bss                k64f_emac.o
    0x200015e8   0x00000040   Zero   RW         3567    .bss                retarget.o
    0x20001628   0x00001360   Zero   RW         3681    .bss                main.o
    0x20002988   0x00000080   Zero   RW         3682    .bss                main.o
    0x20002a08   0x00000060   Zero   RW         4481    .bss                sockets.o
    0x20002a68   0x0000003c   Zero   RW         4636    .bss                tcpip.o
    0x20002aa4   0x00000010   Zero   RW         4754    .bss                sys_arch.o
    0x20002ab4   0x00000090   Zero   RW         4755    .bss                sys_arch.o
    0x20002b44   0x00000032   Zero   RW         5285    .bss                dhcp.o
    0x20002b76   0x00000002   PAD
    0x20002b78   0x00000663   Zero   RW         5421    .bss                dns.o
    0x200031db   0x00000001   PAD
    0x200031dc   0x00008fdc   Zero   RW         5524    .bss                mem.o
    0x2000c1b8   0x00002d07   Zero   RW         5574    .bss                memp.o
    0x2000eebf   0x00000001   PAD
    0x2000eec0   0x00000014   Zero   RW         6111    .bss                tcp_in.o
    0x2000eed4   0x00000010   Zero   RW         6777    .bss                ip_addr.o
    0x2000eee4   0x000000a0   Zero   RW         6891    .bss                etharp.o
    0x2000ef84   0x00000018   Zero   RW         7922    .bss                mbed.ar(serial_api.o)
    0x2000ef9c   0x00000018   Zero   RW         8616    .bss                mbed.ar(fsl_uart.o)
    0x2000efb4   0x00000280   Zero   RW         8696    .bss                mbed.ar(gpio_irq_api.o)
    0x2000f234   0x0000000c   Zero   RW         8854    .bss                mbed.ar(fsl_dspi.o)
    0x2000f240   0x00000060   Zero   RW         8911    .bss                c_w.l(libspace.o)
    0x2000f2a0   0x00000054   Zero   RW         9085    .bss                c_w.l(stdio_streams.o)
    0x2000f2f4   0x00000054   Zero   RW         9086    .bss                c_w.l(stdio_streams.o)
    0x2000f348   0x00000054   Zero   RW         9087    .bss                c_w.l(stdio_streams.o)
    0x2000f39c   0x000000e4   Zero   RW         9107    .bss                c_w.l(rand.o)


==============================================================================

Image component sizes


      Code (inc. data)   RO Data    RW Data    ZI Data      Debug   Object Name

       946         42          0          0          0      36040   api_lib.o
      2282         34          0          0          0      16780   api_msg.o
       210         18          0          0          0        404   board.o
         4          0          0          0          0      21378   c12832.o
      2616         80          7         12          0      14638   cjson.o
         4          0          0          0          0        116   cmsis_nvic.o
      4340         70          0          4         50      28595   dhcp.o
      1000         76          0         20       1635       7841   dns.o
        68          0          0          0          0      10955   endpoint.o
      1628         52         12          1        160      11809   etharp.o
       748        210          4          1        188      30999   ethernetinterface.o
      4556       1730       1038         22        400      32240   evcharger.o
       504         10          0          0          0       5674   freescaleiap.o
       294         10          0          0          0      13745   hal_cm.o
       408         34          0          0          0        964   hal_cm4.o
       216         24          0          0          0     475596   hardware_init_mk64f12.o
       500          8          0          0          0       4278   icmp.o
       860         52          0         12          0       9195   igmp.o
       498          0          0          0          0       6530   inet_chksum.o
        38          0          0          0          0       9249   init.o
      1074         40          0         20          0       9872   ip.o
       664         22          8          0         16      12206   ip_addr.o
      1590         22          0          8          0       9556   ip_frag.o
      1362        152         36          8        312      31299   k64f_emac.o
       100          8        512          0          0       4302   lib_crc16.o
      4012        952        207         76       5088      31762   main.o
       104          6          0          0          0        376   mbed_overrides.o
       676         42          0         12      36828       5225   mem.o
       188         20         60          0      11527       4502   memp.o
       110         42          0          0          0       8282   mutex.o
       132          0          0          0          0       7667   netbuf.o
         0          0          0          0          0       5336   netdb.o
       636         36          0         12          0      11761   netif.o
       672        344          0          0          0       2919   otacharger.o
      1152          0          0          0          0      11542   pbuf.o
       888         90         75          0         64       1744   retarget.o
      2270        238          0          8          0      44721   rt_cmsis.o
        84          4          0          0          0        797   rt_event.o
       752         38          0          0         48      11007   rt_list.o
       754         16          0          0          0       5767   rt_mailbox.o
       142          0          0          0          0       2237   rt_membox.o
       536         24          0          0          0       3349   rt_mutex.o
         0          0          0          8          0       1933   rt_oseventobserver.o
        96         22          0          8          0       1438   rt_robin.o
       286         20          0          0          0       4266   rt_semaphore.o
       310         50          0          8          0       7327   rt_system.o
      1396        180          0          8         60      11209   rt_task.o
         6          0          0          4          0        816   rt_time.o
        14          4          0          4          0       1645   rtos_idle.o
       368        140         68         44       4096      12167   rtx_conf_cm.o
        54          0          0          0          0       2856   semaphore.o
       368          0          0          0          0       6164   socket.o
      2686         88         64          8         96      17928   sockets.o
       448        214       1040          0          0       1060   startup_MK64F12.o
         4          4          0          0          0        284   svc_table.o
        16          6          0          0          0        116   sys.o
       980        352          4         12        160      13273   sys_arch.o
        40          8          0          4          0        116   system_MK64F12.o
      2614         92        201         32          0      31173   tcp.o
      3456         94          0         28         20      16363   tcp_in.o
      3022         22          0          0          0      16397   tcp_out.o
       448         54          0          8         60      10302   tcpip.o
       202          0          0          0          0       3328   tcpsocketconnection.o
       310         98         16          0          0       4276   thread.o
       664        110          0          8          0       8703   timers.o
      1372         28          0          4          0      21365   udp.o
       272          0          0          0          0       5660   udpsocket.o

    ----------------------------------------------------------------------
     59136       6136       3402        408      61836    1163420   Object Totals
         0          0         32          0       1024          0   (incl. Generated)
        86          4         18          4          4          0   (incl. Padding)

    ----------------------------------------------------------------------

      Code (inc. data)   RO Data    RW Data    ZI Data      Debug   Library Member Name

        60          8          0          0          0         84   __0sscanf.o
        24          4          0          0          0         84   __2printf.o
        56          6          0          0          0         88   __2snprintf.o
        44          6          0          0          0         84   __2sprintf.o
        58          0          0          0          0          0   __dczerorl.o
         8          0          0          0          0         68   __main.o
       392          4         17          0          0         92   __printf_flags_ss_wp.o
        14          0          0          0          0         68   __printf_wp.o
        52          8          0          0          0          0   __scatter.o
        28          0          0          0          0          0   __scatter_zi.o
        28          0          0          0          0         68   _chval.o
         6          0          0          0          0          0   _printf_a.o
         6          0          0          0          0          0   _printf_c.o
        44          0          0          0          0        108   _printf_char.o
        48          6          0          0          0         96   _printf_char_common.o
        64          6          0          0          0         84   _printf_char_file_locked.o
        40          0          0          0          0         68   _printf_charcount.o
         6          0          0          0          0          0   _printf_d.o
       120         16          0          0          0         92   _printf_dec.o
         6          0          0          0          0          0   _printf_e.o
         6          0          0          0          0          0   _printf_f.o
      1050          0          0          0          0        216   _printf_fp_dec.o
       764         10         38          0          0        100   _printf_fp_hex.o
       128         16          0          0          0         84   _printf_fp_infnan.o
         6          0          0          0          0          0   _printf_g.o
       148          4         40          0          0        160   _printf_hex_int_ll_ptr.o
         6          0          0          0          0          0   _printf_i.o
       178          0          0          0          0         88   _printf_intcommon.o
        10          0          0          0          0          0   _printf_l.o
         6          0          0          0          0          0   _printf_lc.o
        10          0          0          0          0          0   _printf_ll.o
         6          0          0          0          0          0   _printf_lld.o
         6          0          0          0          0          0   _printf_lli.o
         6          0          0          0          0          0   _printf_llo.o
         6          0          0          0          0          0   _printf_llu.o
         6          0          0          0          0          0   _printf_llx.o
       124         16          0          0          0         92   _printf_longlong_dec.o
         6          0          0          0          0          0   _printf_ls.o
         6          0          0          0          0          0   _printf_n.o
         6          0          0          0          0          0   _printf_o.o
       112          8          0          0          0        124   _printf_oct_int_ll.o
         6          0          0          0          0          0   _printf_p.o
        78          0          0          0          0        108   _printf_pad.o
         0          0          0          0          0          0   _printf_percent.o
         4          0          0          0          0          0   _printf_percent_end.o
         6          0          0          0          0          0   _printf_s.o
        82          0          0          0          0         80   _printf_str.o
        36          0          0          0          0         84   _printf_truncate.o
         6          0          0          0          0          0   _printf_u.o
        44          0          0          0          0        108   _printf_wchar.o
       188          6          8          0          0         92   _printf_wctomb.o
         6          0          0          0          0          0   _printf_x.o
        22          0          0          0          0        100   _rserrno.o
       884          6          0          0          0        100   _scanf.o
       332          0          0          0          0         96   _scanf_int.o
        64          0          0          0          0         84   _sgetc.o
        16          0          0          0          0         68   _snputc.o
        10          0          0          0          0         68   _sputc.o
        64          0          0          0          0         92   _wcrtomb.o
        22          0          0          0          0         80   abort.o
        46          0          0          0          0         84   aeabi_atexit.o
       128         42          0          0          0         76   assert.o
        24          6          0          0          0         80   assert_stdio.o
       220          4        148          0          0         96   bigflt0.o
      1910        128          0          0          0        672   btod.o
        10          0          0          0          0         68   c89vfprintf.o
        40          0          0          0          0         80   calloc.o
        66          0          0          0          0         84   cxa_finalize.o
        48         34          0          0          0         76   defsig_abrt_inner.o
        14          0          0          0          0         80   defsig_abrt_outer.o
        10          0          0          0          0         68   defsig_exit.o
        50          0          0          0          0         88   defsig_general.o
        48         34          0          0          0         76   defsig_pvfn_inner.o
        14          0          0          0          0         80   defsig_pvfn_outer.o
        80         58          0          0          0         76   defsig_rtmem_inner.o
        14          0          0          0          0         80   defsig_rtmem_outer.o
        52         38          0          0          0         76   defsig_rtred_inner.o
        14          0          0          0          0         80   defsig_rtred_outer.o
        76          0          0          0          0         88   fclose.o
        52          6          0          0          0         80   fclose_locked.o
       144         10          0          0          0        128   fflush_locked.o
        24          0          0          0          0         68   fgetc.o
        32          0          0          0          0         80   fgetc_locked.o
       570          0          0          0          0        132   filbuf.o
       470          0          0          0          0         88   flsbuf.o
        92          8          0          0          0         88   flushlinebuffered_locked.o
       324          8          0          0          0        152   fopen_locked.o
        26          0          0          0          0         68   fputc.o
        36          0          0          0          0         80   fputc_locked.o
        54          0          0          0          0         80   fputs_locked.o
       248          6          0          0          0         84   fseek.o
        66          0          0          0          0         76   ftell.o
       158          0          0          0          0        128   h1_alloc_mt.o
        62          0          0          0          0         80   h1_extend_mt.o
       118          0          0          0          0        108   h1_free_mt.o
        18          0          0          0          0         84   h1_init_mt.o
         6          0          0          0          0        152   heapauxi.o
         4          0          0          0          0        136   hguard.o
         0          0          0          0          0          0   indicate_semi.o
        36         10          0          0          0         80   init_aeabi.o
       138          0          0          0          0        168   init_alloc.o
       456         48          0          0          0        116   initio_locked.o
        18          0          0          0          0         76   isspace.o
        44         10        272          0          0         76   lc_ctype_c.o
        44         10         28          0          0         76   lc_numeric_c.o
         2          0          0          0          0          0   libinit.o
        54          0          0          0          0          0   libinit2.o
         0          0          0          0          0          0   libshutdown2.o
         8          4          0          0         96         68   libspace.o
       138          0          0          0          0         80   lludiv10.o
         0          0          0          0          0          0   maybetermalloc1.o
       112         18          0          0        228        160   rand.o
        16          4          0          0          0         76   rt_ctype_table.o
        10          0          0          0          0         76   rt_ddtor_pointer_addr_twolibspace.o
        10          0          0          0          0         76   rt_eh_globals_addr_twolibspace.o
         4          0          0          0          0         68   rt_errno_addr_twolibspace.o
        10          0          0          0          0         76   rt_heap_descriptor_twolibspace.o
        10          0          0          0          0         76   rt_locale_twolibspace.o
        68          0          0          0          0         68   rt_memclr.o
        78          0          0          0          0         80   rt_memclr_w.o
       138          0          0          0          0         68   rt_memcpy_v6.o
       100          0          0          0          0         80   rt_memcpy_w.o
        10          0          0          0          0         76   rt_new_handler_addr_twolibspace.o
        44          8          0          0          0         84   scanf_char.o
        20          0          0          0          0         68   setbuf.o
       104          0          0          0          0         88   setvbuf_locked.o
       240          6          0          0          0        156   stdio.o
         0          0          0         12        252          0   stdio_streams.o
       128          0          0          0          0         68   strcmpv7m.o
        72          0          0          0          0         80   strcpy.o
         0          0          0          4          0          0   streamlock.o
        62          0          0          0          0         76   strlen.o
       150          0          0          0          0         80   strncmp.o
        12          4          0          0          0         68   sys_exit.o
        14          0          0          0          0         76   sys_wrch.o
        26          0          0          0          0         76   tolower.o
         2          0          0          0          0         68   use_no_semi.o
        36          4          0          0          0         76   vsprintf.o
        36          0          0          0          0         84   aeabi_vec_ctor_nocookie_nodtor.o
        80         12          0          0          0        104   arm_exceptions_globs.o
        60          0          0          0          0        108   arm_exceptions_mem.o
        26          0          0          0          0         76   arm_exceptions_terminate.o
         4          0          0          0          0         68   arm_newhandler_noexceptions.o
         8          0          0          0          0         76   array_del.o
         8          0          0          0          0         76   array_new.o
         8          0          0          0          0         76   delete.o
        40          6          0          0          0         76   new.o
         6          0          0          0          0         68   pure_virt.o
        24          0          0          0          0        164   basic.o
        98          4          0          0          0        140   d2f.o
       826         16          0          0          0        492   daddsub_clz.o
        16          4          0          0          0        116   dcheck1.o
        24          0          0          0          0        116   dcmpi.o
       688        140          0          0          0        256   ddiv.o
        94          4          0          0          0        140   dfix.o
        84          0          0          0          0        232   dflt_clz.o
       120          4          0          0          0        140   dleqf.o
       340         12          0          0          0        152   dmul.o
       156          4          0          0          0        140   dnaninf.o
        12          0          0          0          0        116   dretinf.o
       108          0          0          0          0        128   drleqf.o
       408         56          0          0          0        168   dsqrt_umaal.o
        86          4          0          0          0        132   f2d.o
       140          4          0          0          0        132   fnaninf.o
        10          0          0          0          0        116   fpinit.o
        10          0          0          0          0        116   fretinf.o
         4          0          0          0          0        116   printf1.o
         4          0          0          0          0        116   printf2.o
       100          0          0          0          0        116   retnan.o
        92          0          0          0          0        116   scalbn.o
        48          0          0          0          0        116   trapv.o
         0          0          0          0          0          0   usenofp.o
       164         44          0          0          0        620   dunder.o
        24          0          0          0          0        124   fabs.o
        48          0          0          0          0        124   fpclassify.o
       248          0          0          0          0        152   poly.o
      3152        296        136          0          0        352   pow.o
         0          0          8          0          0          0   qnan.o
       110          0          0          0          0        148   sqrt.o
         0          0          0          1          0          0   AnalogIn.o
       152         24         16          4          0        476   FileBase.o
        54         10         68          0          0        252   FileLike.o
       154          0          0          0          0        728   FilePath.o
       202         12         16          0          0        504   InterruptIn.o
         0          0       1044          0          0          0   PeripheralPins.o
        88         10        108          0          0        944   Serial.o
       196         14         24          0          0       1096   SerialBase.o
       362         16         76          0          0       1380   Stream.o
       288         50        120          0          0        268   analogin_api.o
        84         52          0          0          0        136   assert.o
       158          0          0          0          0        148   crc.o
       348        218          0          8          0        252   critical.o
        18          0          0          0          0        128   error.o
       578        182        141          0          0        728   fsl_adc16.o
      1768        296        221         16          0       1624   fsl_clock.o
        88         24         64          0          0        124   fsl_clock_config.o
        96         18          0          0          0        144   fsl_common.o
       240        102        124          8         12        408   fsl_dspi.o
      2370        440        136          4          0       1548   fsl_enet.o
      1336        148        155          0          0        404   fsl_ftm.o
       492         66        127          0          0        648   fsl_phy.o
       152         66        131          0          0        124   fsl_pit.o
       958        304        180          4         24       1440   fsl_uart.o
        94          0          0          0          0        276   gpio.o
       290         98        128          0          0        612   gpio_api.o
       544        108         48          4        640       1104   gpio_irq_api.o
       240         68        146          0          0        260   pinmap.o
       240         78          0          0          0        384   pinmap_common.o
       582         66        138          4          0        504   pwmout_api.o
       508         90        150         12         24        784   serial_api.o
        78          0          0          0          0        136   ticker_api.o
       392         74          0          4          0        608   us_ticker.o
        12          6         28          8          0        116   us_ticker_api.o
        52          0          0          0          0        256   wait_api.o

    ----------------------------------------------------------------------
     34138       3888       4108         96       1276      34344   Library Totals
        58          0         24          3          0          0   (incl. Padding)

    ----------------------------------------------------------------------

      Code (inc. data)   RO Data    RW Data    ZI Data      Debug   Library Name

     13352        638        551         16        576       9892   c_w.l
       276         18          0          0          0        812   cpprt_w.l
      3492        252          0          0          0       3576   fz_wm.l
      3746        340        144          0          0       1520   m_wm.l
     13214       2640       3389         77        700      18544   mbed.ar

    ----------------------------------------------------------------------
     34138       3888       4108         96       1276      34344   Library Totals

    ----------------------------------------------------------------------

==============================================================================


      Code (inc. data)   RO Data    RW Data    ZI Data      Debug   

     93274      10024       7510        504      63112    1129624   Grand Totals
     93274      10024       7510         40      63112    1129624   ELF Image Totals (compressed)
     93274      10024       7510         40          0          0   ROM Totals

==============================================================================

    Total RO  Size (Code + RO Data)               100784 (  98.42kB)
    Total RW  Size (RW Data + ZI Data)             63616 (  62.13kB)
    Total ROM Size (Code + RO Data + RW Data)     100824 (  98.46kB)

==============================================================================

